7 (SPI_FAST_FLASH_BOOT)
configsip: 0, SPIWP:0xee
clk_drv:0x00,q_drv:0x00,d_drv:0x00,cs0_drv:0x00,hd_drv:0x00,wp_drv:0x00
mode:DIO, clock ï¿½ets Jul 29 2019 12:21:46

rst:0x1 (POWERON_RESET),boot:0x17 (SPI_FAST_FLASH_BOOT)
configsip: 0, SPIWP:0xee
clk_drv:0x00,q_drv:0x00,d_drv:0x00,cs0_drv:0x00,hd_drv:0x00,wp_drv:0x00
mode:DIO, clock div:2
load:0x3fff0030,len:7176
load:0x40078000,len:15564
ho 0 tail 12 room 4
load:0x40080400,len:4
load:0x40080404,len:3904
entry 0x40080640
[0;32mI (31) boot: ESP-IDF v5.3 2nd stage bootloader[0m
[0;32mI (31) boot: compile time Sep 18 2024 11:44:26[0m
[0;32mI (31) boot: Multicore bootloader[0m
[0;32mI (35) boot: chip revision: v3.1[0m
[0;32mI (39) boot.esp32: SPI Speed      : 40MHz[0m
[0;32mI (44) boot.esp32: SPI Mode       : DIO[0m
[0;32mI (48) boot.esp32: SPI Flash Size : 4MB[0m
[0;32mI (53) boot: Enabling RNG early entropy source...[0m
[0;32mI (58) boot: Partition Table:[0m
[0;32mI (62) boot: ## Label            Usage          Type ST Offset   Length[0m
[0;32mI (69) boot:  0 nvs              WiFi data        01 02 00009000 00006000[0m
[0;32mI (76) boot:  1 phy_init         RF data          01 01 0000f000 00001000[0m
[0;32mI (84) boot:  2 factory          factory app      00 00 00010000 00100000[0m
[0;32mI (91) boot: End of partition table[0m
[0;32mI (96) esp_image: segment 0: paddr=00010020 vaddr=3f400020 size=21050h (135248) map[0m
[0;32mI (150) esp_image: segment 1: paddr=00031078 vaddr=3ffb0000 size=03f04h ( 16132) load[0m
[0;32mI (157) esp_image: segment 2: paddr=00034f84 vaddr=40080000 size=0b094h ( 45204) load[0m
[0;32mI (175) esp_image: segment 3: paddr=00040020 vaddr=400d0020 size=89f74h (565108) map[0m
[0;32mI (368) esp_image: segment 4: paddr=000c9f9c vaddr=4008b094 size=0d540h ( 54592) load[0m
[0;32mI (402) boot: Loaded app from partition at offset 0x10000[0m
[0;32mI (402) boot: Disabling RNG early entropy source...[0m
[0;32mI (414) cpu_start: Multicore app[0m
[0;32mI (423) cpu_start: Pro cpu start user code[0m
[0;32mI (423) cpu_start: cpu freq: 160000000 Hz[0m
[0;32mI (423) app_init: Application information:[0m
[0;32mI (426) app_init: Project name:     MQTT_DEV[0m
[0;32mI (431) app_init: App version:      1[0m
[0;32mI (435) app_init: Compile time:     Sep 18 2024 11:44:06[0m
[0;32mI (441) app_init: ELF file SHA256:  6a0024891...[0m
[0;32mI (446) app_init: ESP-IDF:          v5.3[0m
[0;32mI (451) efuse_init: Min chip rev:     v0.0[0m
[0;32mI (456) efuse_init: Max chip rev:     v3.99 [0m
[0;32mI (461) efuse_init: Chip rev:         v3.1[0m
[0;32mI (466) heap_init: Initializing. RAM available for dynamic allocation:[0m
[0;32mI (473) heap_init: At 3FFAE6E0 len 00001920 (6 KiB): DRAM[0m
[0;32mI (479) heap_init: At 3FFB8690 len 00027970 (158 KiB): DRAM[0m
[0;32mI (485) heap_init: At 3FFE0440 len 00003AE0 (14 KiB): D/IRAM[0m
[0;32mI (491) heap_init: At 3FFE4350 len 0001BCB0 (111 KiB): D/IRAM[0m
[0;32mI (498) heap_init: At 400985D4 len 00007A2C (30 KiB): IRAM[0m
[0;32mI (506) spi_flash: detected chip: generic[0m
[0;32mI (509) spi_flash: flash io: dio[0m
[0;33mW (513) i2c: This driver is an old driver, please migrate your application code to adapt `driver/i2c_master.h`[0m
[0;32mI (524) main_task: Started on CPU0[0m
[0;32mI (534) main_task: Calling app_main()[0m
I (564) wifi:wifi driver task: 3ffc0598, prio:23, stack:6656, core=0
I (574) wifi:wifi firmware version: 0caa81945
I (574) wifi:wifi certification version: v7.0
I (574) wifi:config NVS flash: enabled
I (574) wifi:config nano formating: disabled
I (574) wifi:Init data frame dynamic rx buffer num: 32
I (584) wifi:Init static rx mgmt buffer num: 5
I (584) wifi:Init management short buffer num: 32
I (594) wifi:Init dynamic tx buffer num: 32
I (594) wifi:Init static rx buffer size: 1600
I (594) wifi:Init static rx buffer num: 10
I (604) wifi:Init dynamic rx buffer num: 32
[0;32mI (604) wifi_init: rx ba win: 6[0m
[0;32mI (614) wifi_init: accept mbox: 6[0m
[0;32mI (614) wifi_init: tcpip mbox: 32[0m
[0;32mI (614) wifi_init: udp mbox: 6[0m
[0;32mI (624) wifi_init: tcp mbox: 6[0m
[0;32mI (624) wifi_init: tcp tx win: 5760[0m
[0;32mI (634) wifi_init: tcp rx win: 5760[0m
[0;32mI (634) wifi_init: tcp mss: 1440[0m
[0;32mI (634) wifi_init: WiFi IRAM OP enabled[0m
[0;32mI (644) wifi_init: WiFi RX IRAM OP enabled[0m
[0;32mI (654) phy_init: phy_version 4830,54550f7,Jun 20 2024,14:22:08[0m
I (734) wifi:mode : sta (b0:a7:32:2b:8e:84)
I (734) wifi:enable tsf
I (754) wifi:new:<3,1>, old:<1,0>, ap:<255,255>, sta:<3,1>, prof:1, snd_ch_cfg:0x0
I (754) wifi:state: init -> auth (0xb0)
I (754) wifi:state: auth -> assoc (0x0)
I (764) wifi:state: assoc -> run (0x10)
I (894) wifi:[ADDBA]RX DELBA, reason:39, delete tid:0, initiator:1(originator)
I (894) wifi:[ADDBA]RX DELBA, reason:39, delete tid:0, initiator:0(recipient)
I (894) wifi:[ADDBA]RX DELBA, reason:39, delete tid:5, initiator:1(originator)
I (904) wifi:connected with TP-Link_4548, aid = 2, channel 3, 40U, bssid = 28:87:ba:2d:45:48
I (904) wifi:security: WPA2-PSK, phy: bgn, rssi: -45
I (914) wifi:pm start, type: 1

I (914) wifi:dp: 1, bi: 102400, li: 3, scale listen interval from 307200 us to 307200 us
I (944) wifi:<ba-add>idx:0 (ifx:0, 28:87:ba:2d:45:48), tid:0, ssn:3, winSize:64
I (974) wifi:AP's beacon interval = 102400 us, DTIM period = 1
[0;32mI (2424) esp_netif_handlers: sta ip: 192.168.1.100, mask: 255.255.255.0, gw: 192.168.1.1[0m
[0;32mI (2424) MQTT_MPU6050_RTC: Got IP: 192.168.1.100[0m
[0;32mI (2424) MQTT_MPU6050_RTC: Initializing SNTP[0m
[0;32mI (2434) MQTT_MPU6050_RTC: Waiting for system time to be set... (1/345600)[0m
[0;32mI (4434) MQTT_MPU6050_RTC: Waiting for system time to be set... (2/345600)[0m
[0;32mI (5844) MQTT_MPU6050_RTC: MPU6050 device ID: 104[0m
[0;32mI (6434) MQTT_MPU6050_RTC: Waiting for system time to be set... (3/345600)[0m
[0;32mI (8434) MQTT_MPU6050_RTC: Waiting for system time to be set... (4/345600)[0m
[0;32mI (10434) MQTT_MPU6050_RTC: Waiting for system time to be set... (5/345600)[0m
[0;32mI (12434) MQTT_MPU6050_RTC: Waiting for system time to be set... (6/345600)[0m
[0;32mI (14434) MQTT_MPU6050_RTC: Waiting for system time to be set... (7/345600)[0m
[0;32mI (16434) MQTT_MPU6050_RTC: Waiting for system time to be set... (8/345600)[0m
[0;32mI (18434) MQTT_MPU6050_RTC: Waiting for system time to be set... (9/345600)[0m
[0;32mI (20434) MQTT_MPU6050_RTC: Waiting for system time to be set... (10/345600)[0m
[0;32mI (22434) MQTT_MPU6050_RTC: Waiting for system time to be set... (11/345600)[0m
[0;32mI (24434) MQTT_MPU6050_RTC: Waiting for system time to be set... (12/345600)[0m
[0;32mI (26434) MQTT_MPU6050_RTC: Waiting for system time to be set... (13/345600)[0m
[0;32mI (28434) MQTT_MPU6050_RTC: Waiting for system time to be set... (14/345600)[0m
[0;32mI (30434) MQTT_MPU6050_RTC: Waiting for system time to be set... (15/345600)[0m
[0;32mI (32434) MQTT_MPU6050_RTC: Waiting for system time to be set... (16/345600)[0m
I (33644) wifi:<ba-add>idx:1 (ifx:0, 28:87:ba:2d:45:48), tid:4, ssn:1, winSize:64
[0;32mI (34434) MQTT_MPU6050_RTC: Time synchronized successfully[0m
[0;32mI (34434) MQTT_MPU6050_RTC: RTC time set successfully[0m
ets Jul 29 2019 12:21:46

rst:0x1 (POWERON_RESET),boot:0x17 (S
configsip: 0, SPIWP:0xee
clk_drv:0x00,q_drv:0x00,d_drv:0x00,cs0_drv:0x00,hd_drv:0x00,wp_drv:0x00
mode:DIO, clock div:2
load:0x3fff0030,len:7176
load:0x40078000,len:15564
ho 0 tail 12 room 4
load:0x40080400,len:4
load:0x40080404,len:3904
entry 0x40080640
[0;32mI (31) boot: ESP-IDF v5.3 2nd stage bootloader[0m
[0;32mI (31) boot: compile time Sep 18 2024 11:44:26[0m
[0;32mI (31) boot: Multicore bootloader[0m
[0;32mI (35) boot: chip revision: v3.1[0m
[0;32mI (39) boot.esp32: SPI Speed      : 40MHz[0m
[0;32mI (44) boot.esp32: SPI Mode       : DIO[0m
[0;32mI (48) boot.esp32: SPI Flash Size : 4MB[0m
[0;32mI (53) boot: Enabling RNG early entropy source...[0m
[0;32mI (58) boot: Partition Table:[0m
[0;32mI (62) boot: ## Label            Usage          Type ST Offset   Length[0m
[0;32mI (69) boot:  0 nvs              WiFi data        01 02 00009000 00006000[0m
[0;32mI (76) boot:  1 phy_init         RF data          01 01 0000f000 00001000[0m
[0;32mI (84) boot:  2 factory          factory app      00 00 00010000 00100000[0m
[0;32mI (91) boot: End of partition table[0m
[0;32mI (96) esp_image: segment 0: paddr=00010020 vaddr=3f400020 size=21050h (135248) map[0m
[0;32mI (150) esp_image: segment 1: paddr=00031078 vaddr=3ffb0000 size=03f04h ( 16132) load[0m
[0;32mI (157) esp_image: segment 2: paddr=00034f84 vaddr=40080000 size=0b094h ( 45204) load[0m
[0;32mI (175) esp_image: segment 3: paddr=00040020 vaddr=400d0020 size=89f74h (565108) map[0m
[0;32mI (368) esp_image: segment 4: paddr=000c9f9c vaddr=4008b094 size=0d540h ( 54592) load[0m
[0;32mI (402) boot: Loaded app from partition at offset 0x10000[0m
[0;32mI (402) boot: Disabling RNG early entropy source...[0m
[0;32mI (414) cpu_start: Multicore app[0m
[0;32mI (423) cpu_start: Pro cpu start user code[0m
[0;32mI (423) cpu_start: cpu freq: 160000000 Hz[0m
[0;32mI (423) app_init: Application information:[0m
[0;32mI (426) app_init: Project name:     MQTT_DEV[0m
[0;32mI (431) app_init: App version:      1[0m
[0;32mI (435) app_init: Compile time:     Sep 18 2024 11:44:06[0m
[0;32mI (441) app_init: ELF file SHA256:  6a0024891...[0m
[0;32mI (446) app_init: ESP-IDF:          v5.3[0m
[0;32mI (451) efuse_init: Min chip rev:     v0.0[0m
[0;32mI (456) efuse_init: Max chip rev:     v3.99 [0m
[0;32mI (461) efuse_init: Chip rev:         v3.1[0m
[0;32mI (466) heap_init: Initializing. RAM available for dynamic allocation:[0m
[0;32mI (473) heap_init: At 3FFAE6E0 len 00001920 (6 KiB): DRAM[0m
[0;32mI (479) heap_init: At 3FFB8690 len 00027970 (158 KiB): DRAM[0m
[0;32mI (485) heap_init: At 3FFE0440 len 00003AE0 (14 KiB): D/IRAM[0m
[0;32mI (491) heap_init: At 3FFE4350 len 0001BCB0 (111 KiB): D/IRAM[0m
[0;32mI (498) heap_init: At 400985D4 len 00007A2C (30 KiB): IRAM[0m
[0;32mI (506) spi_flash: detected chip: generic[0m
[0;32mI (509) spi_flash: flash io: dio[0m
[0;33mW (513) i2c: This driver is an old driver, please migrate your application code to adapt `driver/i2c_master.h`[0m
[0;32mI (524) main_task: Started on CPU0[0m
[0;32mI (534) main_task: Calling app_main()[0m
I (564) wifi:wifi driver task: 3ffc0598, prio:23, stack:6656, core=0
I (574) wifi:wifi firmware version: 0caa81945
I (574) wifi:wifi certification version: v7.0
I (574) wifi:config NVS flash: enabled
I (574) wifi:config nano formating: disabled
I (574) wifi:Init data frame dynamic rx buffer num: 32
I (584) wifi:Init static rx mgmt buffer num: 5
I (584) wifi:Init management short buffer num: 32
I (594) wifi:Init dynamic tx buffer num: 32
I (594) wifi:Init static rx buffer size: 1600
I (594) wifi:Init static rx buffer num: 10
I (604) wifi:Init dynamic rx buffer num: 32
[0;32mI (604) wifi_init: rx ba win: 6[0m
[0;32mI (614) wifi_init: accept mbox: 6[0m
[0;32mI (614) wifi_init: tcpip mbox: 32[0m
[0;32mI (614) wifi_init: udp mbox: 6[0m
[0;32mI (624) wifi_init: tcp mbox: 6[0m
[0;32mI (624) wifi_init: tcp tx win: 5760[0m
[0;32mI (634) wifi_init: tcp rx win: 5760[0m
[0;32mI (634) wifi_init: tcp mss: 1440[0m
[0;32mI (634) wifi_init: WiFi IRAM OP enabled[0m
[0;32mI (644) wifi_init: WiFi RX IRAM OP enabled[0m
[0;32mI (654) phy_init: phy_version 4830,54550f7,Jun 20 2024,14:22:08[0m
[0;33mW (734) phy_init: saving new calibration data because of checksum failure, mode(0)[0m
I (754) wifi:mode : sta (b0:a7:32:2b:8e:84)
I (754) wifi:enable tsf
I (764) wifi:new:<3,1>, old:<1,0>, ap:<255,255>, sta:<3,1>, prof:1, snd_ch_cfg:0x0
I (774) wifi:state: init -> auth (0xb0)
I (774) wifi:state: auth -> assoc (0x0)
I (784) wifi:state: assoc -> run (0x10)
I (904) wifi:[ADDBA]RX DELBA, reason:39, delete tid:0, initiator:1(originator)
I (904) wifi:[ADDBA]RX DELBA, reason:39, delete tid:0, initiator:0(recipient)
I (904) wifi:[ADDBA]RX DELBA, reason:39, delete tid:4, initiator:1(originator)
I (924) wifi:connected with TP-Link_4548, aid = 2, channel 3, 40U, bssid = 28:87:ba:2d:45:48
I (924) wifi:security: WPA2-PSK, phy: bgn, rssi: -50
I (934) wifi:pm start, type: 1

I (934) wifi:dp: 1, bi: 102400, li: 3, scale listen interval from 307200 us to 307200 us
I (954) wifi:<ba-add>idx:0 (ifx:0, 28:87:ba:2d:45:48), tid:0, ssn:4, winSize:64
I (984) wifi:AP's beacon interval = 102400 us, DTIM period = 1
[0;32mI (2444) esp_netif_handlers: sta ip: 192.168.1.100, mask: 255.255.255.0, gw: 192.168.1.1[0m
[0;32mI (2444) MQTT_MPU6050_RTC: Got IP: 192.168.1.100[0m
[0;32mI (2444) MQTT_MPU6050_RTC: Initializing SNTP[0m
[0;32mI (2454) MQTT_MPU6050_RTC: Waiting for system time to be set... (1/345600)[0m
[0;32mI (4454) MQTT_MPU6050_RTC: Waiting for system time to be set... (2/345600)[0m
[0;32mI (5864) MQTT_MPU6050_RTC: MPU6050 device ID: 104[0m
[0;32mI (6454) MQTT_MPU6050_RTC: Waiting for system time to be set... (3/345600)[0m
[0;32mI (8454) MQTT_MPU6050_RTC: Waiting for system time to be set... (4/345600)[0m
[0;32mI (10454) MQTT_MPU6050_RTC: Waiting for system time to be set... (5/345600)[0m
[0;32mI (12454) MQTT_MPU6050_RTC: Waiting for system time to be set... (6/345600)[0m
[0;32mI (14454) MQTT_MPU6050_RTC: Waiting for system time to be set... (7/345600)[0m
[0;32mI (16454) MQTT_MPU6050_RTC: Waiting for system time to be set... (8/345600)[0m
[0;32mI (18454) MQTT_MPU6050_RTC: Waiting for system time to be set... (9/345600)[0m
[0;32mI (20454) MQTT_MPU6050_RTC: Waiting for system time to be set... (10/345600)[0m
[0;32mI (22454) MQTT_MPU6050_RTC: Waiting for system time to be set... (11/345600)[0m
[0;32mI (24454) MQTT_MPU6050_RTC: Waiting for system time to be set... (12/345600)[0m
[0;32mI (26454) MQTT_MPU6050_RTC: Waiting for system time to be set... (13/345600)[0m
[0;32mI (28454) MQTT_MPU6050_RTC: Waiting for system time to be set... (14/345600)[0m
[0;32mI (30454) MQTT_MPU6050_RTC: Waiting for system time to be set... (15/345600)[0m
[0;32mI (32454) MQTT_MPU6050_RTC: Waiting for system time to be set... (16/345600)[0m
[0;32mI (34454) MQTT_MPU6050_RTC: Waiting for system time to be set... (17/345600)[0m
[0;32mI (36454) MQTT_MPU6050_RTC: Waiting for system time to be set... (18/345600)[0m
I (37684) wifi:<ba-add>idx:1 (ifx:0, 28:87:ba:2d:45:48), tid:4, ssn:0, winSize:64
[0;32mI (38454) MQTT_MPU6050_RTC: Time synchronized successfully[0m
[0;32mI (38454) MQTT_MPU6050_RTC: RTC time set successfully[0m
