ets Jul 29 2019 12:21:46

rst:0x1 (POWERON_RESET),boot:0x17 (S
configsip: 0, SPIWP:0xee
clk_drv:0x00,q_drv:0x00,d_drv:0x00,cs0_drv:0x00,hd_drv:0x00,wp_drï¿½ets Jul 29 2019 12:21:46

rst:0x1 (POWERON_RESET),boot:0x17 (SPI_FAST_FLASH_BOOT)
configsip: 0, SPIWP:0xee
clk_drv:0x00,q_drv:0x00,d_drv:0x00,cs0_drv:0x00,hd_drv:0x00,wp_drv:0x00
mode:DIO, clock div:2
load:0x3fff0030,len:7176
load:0x40078000,len:15564
ho 0 tail 12 room 4
load:0x40080400,len:4
load:0x40080404,len:3904
entry 0x40080640
[0;32mI (31) boot: ESP-IDF v5.3 2nd stage bootloader[0m
[0;32mI (31) boot: compile time Sep 18 2024 11:44:26[0m
[0;32mI (31) boot: Multicore bootloader[0m
[0;32mI (35) boot: chip revision: v3.1[0m
[0;32mI (39) boot.esp32: SPI Speed      : 40MHz[0m
[0;32mI (44) boot.esp32: SPI Mode       : DIO[0m
[0;32mI (48) boot.esp32: SPI Flash Size : 4MB[0m
[0;32mI (53) boot: Enabling RNG early entropy source...[0m
[0;32mI (58) boot: Partition Table:[0m
[0;32mI (62) boot: ## Label            Usage          Type ST Offset   Length[0m
[0;32mI (69) boot:  0 nvs              WiFi data        01 02 00009000 00006000[0m
[0;32mI (76) boot:  1 phy_init         RF data          01 01 0000f000 00001000[0m
[0;32mI (84) boot:  2 factory          factory app      00 00 00010000 00100000[0m
[0;32mI (91) boot: End of partition table[0m
[0;32mI (96) esp_image: segment 0: paddr=00010020 vaddr=3f400020 size=267d8h (157656) map[0m
[0;32mI (158) esp_image: segment 1: paddr=00036800 vaddr=3ffb0000 size=03f34h ( 16180) load[0m
[0;32mI (164) esp_image: segment 2: paddr=0003a73c vaddr=40080000 size=058dch ( 22748) load[0m
[0;32mI (174) esp_image: segment 3: paddr=00040020 vaddr=400d0020 size=a2b08h (666376) map[0m
[0;32mI (402) esp_image: segment 4: paddr=000e2b30 vaddr=400858dc size=12e3ch ( 77372) load[0m
[0;32mI (445) boot: Loaded app from partition at offset 0x10000[0m
[0;32mI (445) boot: Disabling RNG early entropy source...[0m
[0;32mI (457) cpu_start: Multicore app[0m
[0;32mI (465) cpu_start: Pro cpu start user code[0m
[0;32mI (465) cpu_start: cpu freq: 160000000 Hz[0m
[0;32mI (465) app_init: Application information:[0m
[0;32mI (468) app_init: Project name:     MQTT_DEV[0m
[0;32mI (473) app_init: App version:      1[0m
[0;32mI (478) app_init: Compile time:     Sep 18 2024 11:44:06[0m
[0;32mI (484) app_init: ELF file SHA256:  fabf448f4...[0m
[0;32mI (489) app_init: ESP-IDF:          v5.3[0m
[0;32mI (493) efuse_init: Min chip rev:     v0.0[0m
[0;32mI (498) efuse_init: Max chip rev:     v3.99 [0m
[0;32mI (503) efuse_init: Chip rev:         v3.1[0m
[0;32mI (508) heap_init: Initializing. RAM available for dynamic allocation:[0m
[0;32mI (515) heap_init: At 3FFAE6E0 len 00001920 (6 KiB): DRAM[0m
[0;32mI (521) heap_init: At 3FFB87E8 len 00027818 (158 KiB): DRAM[0m
[0;32mI (527) heap_init: At 3FFE0440 len 00003AE0 (14 KiB): D/IRAM[0m
[0;32mI (534) heap_init: At 3FFE4350 len 0001BCB0 (111 KiB): D/IRAM[0m
[0;32mI (540) heap_init: At 40098718 len 000078E8 (30 KiB): IRAM[0m
[0;32mI (548) spi_flash: detected chip: generic[0m
[0;32mI (551) spi_flash: flash io: dio[0m
[0;33mW (555) i2c: This driver is an old driver, please migrate your application code to adapt `driver/i2c_master.h`[0m
[0;32mI (566) main_task: Started on CPU0[0m
[0;32mI (576) main_task: Calling app_main()[0m
I (606) wifi:wifi driver task: 3ffc06f0, prio:23, stack:6656, core=0
I (616) wifi:wifi firmware version: 0caa81945
I (616) wifi:wifi certification version: v7.0
I (616) wifi:config NVS flash: enabled
I (616) wifi:config nano formating: disabled
I (616) wifi:Init data frame dynamic rx buffer num: 32
I (626) wifi:Init static rx mgmt buffer num: 5
I (626) wifi:Init management short buffer num: 32
I (636) wifi:Init dynamic tx buffer num: 32
I (636) wifi:Init static rx buffer size: 1600
I (646) wifi:Init static rx buffer num: 10
I (646) wifi:Init dynamic rx buffer num: 32
[0;32mI (646) wifi_init: rx ba win: 6[0m
[0;32mI (656) wifi_init: accept mbox: 6[0m
[0;32mI (656) wifi_init: tcpip mbox: 32[0m
[0;32mI (656) wifi_init: udp mbox: 6[0m
[0;32mI (666) wifi_init: tcp mbox: 6[0m
[0;32mI (666) wifi_init: tcp tx win: 5760[0m
[0;32mI (676) wifi_init: tcp rx win: 5760[0m
[0;32mI (676) wifi_init: tcp mss: 1440[0m
[0;32mI (676) wifi_init: WiFi IRAM OP enabled[0m
[0;32mI (686) wifi_init: WiFi RX IRAM OP enabled[0m
[0;32mI (696) phy_init: phy_version 4830,54550f7,Jun 20 2024,14:22:08[0m
I (776) wifi:mode : sta (b0:a7:32:2b:8e:84)
I (776) wifi:enable tsf
Guru Meditation Error: Core  0 panic'ed (LoadProhibited). Exception was unhandled.

Core  0 register dump:
PC      : 0x400d94b0  PS      : 0x00060c30  A0      : 0x800d964e  A1      : 0x3ffba960  
A2      : 0x00000000  A3      : 0x00000075  A4      : 0x3ffba9a0  A5      : 0x00000001  
A6      : 0x00000000  A7      : 0x3ffc645c  A8      : 0x800d949c  A9      : 0x3ffba920  
A10     : 0x00000000  A11     : 0xffffffff  A12     : 0x00000001  A13     : 0x3ffbe5fc  
A14     : 0x401706b8  A15     : 0x3ffbe2b8  SAR     : 0x00000020  EXCCAUSE: 0x0000001c  
EXCVADDR: 0x00000008  LBEG    : 0x4000c2e0  LEND    : 0x4000c2f6  LCOUNT  : 0x00000000  


Backtrace: 0x400d94ad:0x3ffba960 0x400d964b:0x3ffba980 0x400d912f:0x3ffba9a0 0x400d91eb:0x3ffba9d0 0x40170a9f:0x3ffbaae0 0x4008b13d:0x3ffbab10




ELF file SHA256: fabf448f4

Rebooting...
ets Jul 29 2019 12:21:46

rst:0xc (SW_CPU_RESET),boot:0x17 (SPI_FAST_FLASH_BOOT)
configsip: 0, SPIWP:0xee
clk_drv:0x00,q_drv:0x00,d_drv:0x00,cs0_drv:0x00,hd_drv:0x00,wp_drv:0x00
mode:DIO, clock div:2
load:0x3fff0030,len:7176
load:0x40078000,len:15564
ho 0 tail 12 room 4
load:0x40080400,len:4
load:0x40080404,len:3904
entry 0x40080640
[0;32mI (31) boot: ESP-IDF v5.3 2nd stage bootloader[0m
[0;32mI (31) boot: compile time Sep 18 2024 11:44:26[0m
[0;32mI (31) boot: Multicore bootloader[0m
[0;32mI (35) boot: chip revision: v3.1[0m
[0;32mI (39) boot.esp32: SPI Speed      : 40MHz[0m
[0;32mI (44) boot.esp32: SPI Mode       : DIO[0m
[0;32mI (48) boot.esp32: SPI Flash Size : 4MB[0m
[0;32mI (53) boot: Enabling RNG early entropy source...[0m
[0;32mI (58) boot: Partition Table:[0m
[0;32mI (62) boot: ## Label            Usage          Type ST Offset   Length[0m
[0;32mI (69) boot:  0 nvs              WiFi data        01 02 00009000 00006000[0m
[0;32mI (76) boot:  1 phy_init         RF data          01 01 0000f000 00001000[0m
[0;32mI (84) boot:  2 factory          factory app      00 00 00010000 00100000[0m
[0;32mI (91) boot: End of partition table[0m
[0;32mI (96) esp_image: segment 0: paddr=00010020 vaddr=3f400020 size=267d8h (157656) map[0m
[0;32mI (158) esp_image: segment 1: paddr=00036800 vaddr=3ffb0000 size=03f34h ( 16180) load[0m
[0;32mI (164) esp_image: segment 2: paddr=0003a73c vaddr=40080000 size=058dch ( 22748) load[0m
[0;32mI (173) esp_image: segment 3: paddr=00040020 vaddr=400d0020 size=a2b08h (666376) map[0m
[0;32mI (402) esp_image: segment 4: paddr=000e2b30 vaddr=400858dc size=12e3ch ( 77372) load[0m
[0;32mI (445) boot: Loaded app from partition at offset 0x10000[0m
[0;32mI (445) boot: Disabling RNG early entropy source...[0m
[0;32mI (457) cpu_start: Multicore app[0m
[0;32mI (465) cpu_start: Pro cpu start user code[0m
[0;32mI (465) cpu_start: cpu freq: 160000000 Hz[0m
[0;32mI (465) app_init: Application information:[0m
[0;32mI (468) app_init: Project name:     MQTT_DEV[0m
[0;32mI (473) app_init: App version:      1[0m
[0;32mI (477) app_init: Compile time:     Sep 18 2024 11:44:06[0m
[0;32mI (483) app_init: ELF file SHA256:  fabf448f4...[0m
[0;32mI (489) app_init: ESP-IDF:          v5.3[0m
[0;32mI (493) efuse_init: Min chip rev:     v0.0[0m
[0;32mI (498) efuse_init: Max chip rev:     v3.99 [0m
[0;32mI (503) efuse_init: Chip rev:         v3.1[0m
[0;32mI (508) heap_init: Initializing. RAM available for dynamic allocation:[0m
[0;32mI (515) heap_init: At 3FFAE6E0 len 00001920 (6 KiB): DRAM[0m
[0;32mI (521) heap_init: At 3FFB87E8 len 00027818 (158 KiB): DRAM[0m
[0;32mI (527) heap_init: At 3FFE0440 len 00003AE0 (14 KiB): D/IRAM[0m
[0;32mI (534) heap_init: At 3FFE4350 len 0001BCB0 (111 KiB): D/IRAM[0m
[0;32mI (540) heap_init: At 40098718 len 000078E8 (30 KiB): IRAM[0m
[0;32mI (548) spi_flash: detected chip: generic[0m
[0;32mI (551) spi_flash: flash io: dio[0m
[0;33mW (555) i2c: This driver is an old driver, please migrate your application code to adapt `driver/i2c_master.h`[0m
[0;32mI (566) main_task: Started on CPU0[0m
[0;32mI (576) main_task: Calling app_main()[0m
I (606) wifi:wifi driver task: 3ffc06f0, prio:23, stack:6656, core=0
I (616) wifi:wifi firmware version: 0caa81945
I (616) wifi:wifi certification version: v7.0
I (616) wifi:config NVS flash: enabled
I (616) wifi:config nano formating: disabled
I (616) wifi:Init data frame dynamic rx buffer num: 32
I (626) wifi:Init static rx mgmt buffer num: 5
I (626) wifi:Init management short buffer num: 32
I (636) wifi:Init dynamic tx buffer num: 32
I (636) wifi:Init static rx buffer size: 1600
I (646) wifi:Init static rx buffer num: 10
I (646) wifi:Init dynamic rx buffer num: 32
[0;32mI (646) wifi_init: rx ba win: 6[0m
[0;32mI (656) wifi_init: accept mbox: 6[0m
[0;32mI (656) wifi_init: tcpip mbox: 32[0m
[0;32mI (656) wifi_init: udp mbox: 6[0m
[0;32mI (666) wifi_init: tcp mbox: 6[0m
[0;32mI (666) wifi_init: tcp tx win: 5760[0m
[0;32mI (676) wifi_init: tcp rx win: 5760[0m
[0;32mI (676) wifi_init: tcp mss: 1440[0m
[0;32mI (676) wifi_init: WiFi IRAM OP enabled[0m
[0;32mI (686) wifi_init: WiFi RX IRAM OP enabled[0m
[0;32mI (696) phy_init: phy_version 4830,54550f7,Jun 20 2024,14:22:08[0m
[0;33mW (776) phy_init: saving new calibration data because of checksum failure, mode(0)[0m
I (796) wifi:mode : sta (b0:a7:32:2b:8e:84)
I (796) wifi:enable tsf
Guru Meditation Error: Core  0 panic'ed (LoadProhibited). Exception was unhandled.

Core  0 register dump:
PC      : 0x400d94b0  PS      : 0x00060c30  A0      : 0x800d964e  A1      : 0x3ffba960  
A2      : 0x00000000  A3      : 0x00000075  A4      : 0x3ffba9a0  A5      : 0x00000001  
A6      : 0x00000000  A7      : 0x3ffc645c  A8      : 0x800d949c  A9      : 0x3ffba920  
A10     : 0x00000000  A11     : 0xffffffff  A12     : 0x00000001  A13     : 0x3ffbe5fc  
A14     : 0x401706b8  A15     : 0x3ffbe2b8  SAR     : 0x00000020  EXCCAUSE: 0x0000001c  
EXCVADDR: 0x00000008  LBEG    : 0x4000c2e0  LEND    : 0x4000c2f6  LCOUNT  : 0x00000000  


Backtrace: 0x400d94ad:0x3ffba960 0x400d964b:0x3ffba980 0x400d912f:0x3ffba9a0 0x400d91eb:0x3ffba9d0 0x40170a9f:0x3ffbaae0 0x4008b13d:0x3ffbab10




ELF file SHA256: fabf448f4

Rebooting...
ets Jul 29 2019 12:21:46

rst:0xc (SW_CPU_RESET),boot:0x17 (SPI_FAST_FLASH_BOOT)
configsip: 0, SPIWP:0xee
clk_drv:0x00,q_drv:0x00,d_drv:0x00,cs0_drv:0x00,hd_drv:0x00,wp_drv:0x00
mode:DIO, clock div:2
load:0x3fff0030,len:7176
load:0x40078000,len:15564
ho 0 tail 12 room 4
load:0x40080400,len:4
load:0x40080404,len:3904
entry 0x40080640
[0;32mI (31) boot: ESP-IDF v5.3 2nd stage bootloader[0m
[0;32mI (31) boot: compile time Sep 18 2024 11:44:26[0m
[0;32mI (31) boot: Multicore bootloader[0m
[0;32mI (35) boot: chip revision: v3.1[0m
[0;32mI (39) boot.esp32: SPI Speed      : 40MHz[0m
[0;32mI (44) boot.esp32: SPI Mode       : DIO[0m
[0;32mI (48) boot.esp32: SPI Flash Size : 4MB[0m
[0;32mI (53) boot: Enabling RNG early entropy source...[0m
[0;32mI (58) boot: Partition Table:[0m
[0;32mI (62) boot: ## Label            Usage          Type ST Offset   Length[0m
[0;32mI (69) boot:  0 nvs              WiFi data        01 02 00009000 00006000[0m
[0;32mI (76) boot:  1 phy_init         RF data          01 01 0000f000 00001000[0m
[0;32mI (84) boot:  2 factory          factory app      00 00 00010000 00100000[0m
[0;32mI (91) boot: End of partition table[0m
[0;32mI (96) esp_image: segment 0: paddr=00010020 vaddr=3f400020 size=267d8h (157656) map[0m
[0;32mI (158) esp_image: segment 1: paddr=00036800 vaddr=3ffb0000 size=03f34h ( 16180) load[0m
[0;32mI (164) esp_image: segment 2: paddr=0003a73c vaddr=40080000 size=058dch ( 22748) load[0m
[0;32mI (173) esp_image: segment 3: paddr=00040020 vaddr=400d0020 size=a2b08h (666376) map[0m
[0;32mI (402) esp_image: segment 4: paddr=000e2b30 vaddr=400858dc size=12e3ch ( 77372) load[0m
[0;32mI (445) boot: Loaded app from partition at offset 0x10000[0m
[0;32mI (445) boot: Disabling RNG early entropy source...[0m
[0;32mI (457) cpu_start: Multicore app[0m
[0;32mI (465) cpu_start: Pro cpu start user code[0m
[0;32mI (465) cpu_start: cpu freq: 160000000 Hz[0m
[0;32mI (465) app_init: Application information:[0m
[0;32mI (468) app_init: Project name:     MQTT_DEV[0m
[0;32mI (473) app_init: App version:      1[0m
[0;32mI (477) app_init: Compile time:     Sep 18 2024 11:44:06[0m
[0;32mI (483) app_init: ELF file SHA256:  fabf448f4...[0m
[0;32mI (489) app_init: ESP-IDF:          v5.3[0m
[0;32mI (493) efuse_init: Min chip rev:     v0.0[0m
[0;32mI (498) efuse_init: Max chip rev:     v3.99 [0m
[0;32mI (503) efuse_init: Chip rev:         v3.1[0m
[0;32mI (508) heap_init: Initializing. RAM available for dynamic allocation:[0m
[0;32mI (515) heap_init: At 3FFAE6E0 len 00001920 (6 KiB): DRAM[0m
[0;32mI (521) heap_init: At 3FFB87E8 len 00027818 (158 KiB): DRAM[0m
[0;32mI (527) heap_init: At 3FFE0440 len 00003AE0 (14 KiB): D/IRAM[0m
[0;32mI (534) heap_init: At 3FFE4350 len 0001BCB0 (111 KiB): D/IRAM[0m
[0;32mI (540) heap_init: At 40098718 len 000078E8 (30 KiB): IRAM[0m
[0;32mI (548) spi_flash: detected chip: generic[0m
[0;32mI (551) spi_flash: flash io: dio[0m
[0;33mW (555) i2c: This driver is an old driver, please migrate your application code to adapt `driver/i2c_master.h`[0m
[0;32mI (566) main_task: Started on CPU0[0m
[0;32mI (576) main_task: Calling app_main()[0m
I (606) wifi:wifi driver task: 3ffc06f0, prio:23, stack:6656, core=0
I (616) wifi:wifi firmware version: 0caa81945
I (616) wifi:wifi certification version: v7.0
I (616) wifi:config NVS flash: enabled
I (616) wifi:config nano formating: disabled
I (616) wifi:Init data frame dynamic rx buffer num: 32
I (626) wifi:Init static rx mgmt buffer num: 5
I (626) wifi:Init management short buffer num: 32
I (636) wifi:Init dynamic tx buffer num: 32
I (636) wifi:Init static rx buffer size: 1600
I (646) wifi:Init static rx buffer num: 10
I (646) wifi:Init dynamic rx buffer num: 32
[0;32mI (646) wifi_init: rx ba win: 6[0m
[0;32mI (656) wifi_init: accept mbox: 6[0m
[0;32mI (656) wifi_init: tcpip mbox: 32[0m
[0;32mI (656) wifi_init: udp mbox: 6[0m
[0;32mI (666) wifi_init: tcp mbox: 6[0m
[0;32mI (666) wifi_init: tcp tx win: 5760[0m
[0;32mI (676) wifi_init: tcp rx win: 5760[0m
[0;32mI (676) wifi_init: tcp mss: 1440[0m
[0;32mI (676) wifi_init: WiFi IRAM OP enabled[0m
[0;32mI (686) wifi_init: WiFi RX IRAM OP enabled[0m
[0;32mI (696) phy_init: phy_version 4830,54550f7,Jun 20 2024,14:22:08[0m
I (776) wifi:mode : sta (b0:a7:32:2b:8e:84)
I (776) wifi:enable tsf
Guru Meditation Error: Core  0 panic'ed (LoadProhibited). Exception was unhandled.

Core  0 register dump:
PC      : 0x400d94b0  PS      : 0x00060c30  A0      : 0x800d964e  A1      : 0x3ffba960  
A2      : 0x00000000  A3      : 0x00000075  A4      : 0x3ffba9a0  A5      : 0x00000001  
A6      : 0x00000000  A7      : 0x3ffc645c  A8      : 0x800d949c  A9      : 0x3ffba920  
A10     : 0x00000000  A11     : 0xffffffff  A12     : 0x00000001  A13     : 0x3ffbe5fc  
A14     : 0x401706b8  A15     : 0x3ffbe2b8  SAR     : 0x00000020  EXCCAUSE: 0x0000001c  
EXCVADDR: 0x00000008  LBEG    : 0x4000c2e0  LEND    : 0x4000c2f6  LCOUNT  : 0x00000000  


Backtrace: 0x400d94ad:0x3ffba960 0x400d964b:0x3ffba980 0x400d912f:0x3ffba9a0 0x400d91eb:0x3ffba9d0 0x40170a9f:0x3ffbaae0 0x4008b13d:0x3ffbab10




ELF file SHA256: fabf448f4

Rebooting...
ets Jul 29 2019 12:21:46

rst:0xc (SW_CPU_RESET),boot:0x17 (SPI_FAST_FLASH_BOOT)
configsip: 0, SPIWP:0xee
clk_drv:0x00,q_drv:0x00,d_drv:0x00,cs0_drv:0x00,hd_drv:0x00,wp_drv:0x00
mode:DIO, clock div:2
load:0x3fff0030,len:7176
load:0x40078000,len:15564
ho 0 tail 12 room 4
load:0x40080400,len:4
load:0x40080404,len:3904
entry 0x40080640
[0;32mI (31) boot: ESP-IDF v5.3 2nd stage bootloader[0m
[0;32mI (31) boot: compile time Sep 18 2024 11:44:26[0m
[0;32mI (31) boot: Multicore bootloader[0m
[0;32mI (35) boot: chip revision: v3.1[0m
[0;32mI (39) boot.esp32: SPI Speed      : 40MHz[0m
[0;32mI (44) boot.esp32: SPI Mode       : DIO[0m
[0;32mI (48) boot.esp32: SPI Flash Size : 4MB[0m
[0;32mI (53) boot: Enabling RNG early entropy source...[0m
[0;32mI (58) boot: Partition Table:[0m
[0;32mI (62) boot: ## Label            Usage          Type ST Offset   Length[0m
[0;32mI (69) boot:  0 nvs              WiFi data        01 02 00009000 00006000[0m
[0;32mI (76) boot:  1 phy_init         RF data          01 01 0000f000 00001000[0m
[0;32mI (84) boot:  2 factory          factory app      00 00 00010000 00100000[0m
[0;32mI (91) boot: End of partition table[0m
[0;32mI (96) esp_image: segment 0: paddr=00010020 vaddr=3f400020 size=267d8h (157656) map[0m
[0;32mI (158) esp_image: segment 1: paddr=00036800 vaddr=3ffb0000 size=03f34h ( 16180) load[0m
[0;32mI (164) esp_image: segment 2: paddr=0003a73c vaddr=40080000 size=058dch ( 22748) load[0m
[0;32mI (173) esp_image: segment 3: paddr=00040020 vaddr=400d0020 size=a2b08h (666376) map[0m
[0;32mI (402) esp_image: segment 4: paddr=000e2b30 vaddr=400858dc size=12e3ch ( 77372) load[0m
[0;32mI (445) boot: Loaded app from partition at offset 0x10000[0m
[0;32mI (445) boot: Disabling RNG early entropy source...[0m
[0;32mI (457) cpu_start: Multicore app[0m
[0;32mI (465) cpu_start: Pro cpu start user code[0m
[0;32mI (465) cpu_start: cpu freq: 160000000 Hz[0m
[0;32mI (465) app_init: Application information:[0m
[0;32mI (468) app_init: Project name:     MQTT_DEV[0m
[0;32mI (473) app_init: App version:      1[0m
[0;32mI (477) app_init: Compile time:     Sep 18 2024 11:44:06[0m
[0;32mI (483) app_init: ELF file SHA256:  fabf448f4...[0m
[0;32mI (489) app_init: ESP-IDF:          v5.3[0m
[0;32mI (493) efuse_init: Min chip rev:     v0.0[0m
[0;32mI (498) efuse_init: Max chip rev:     v3.99 [0m
[0;32mI (503) efuse_init: Chip rev:         v3.1[0m
[0;32mI (508) heap_init: Initializing. RAM available for dynamic allocation:[0m
[0;32mI (515) heap_init: At 3FFAE6E0 len 00001920 (6 KiB): DRAM[0m
[0;32mI (521) heap_init: At 3FFB87E8 len 00027818 (158 KiB): DRAM[0m
[0;32mI (527) heap_init: At 3FFE0440 len 00003AE0 (14 KiB): D/IRAM[0m
[0;32mI (534) heap_init: At 3FFE4350 len 0001BCB0 (111 KiB): D/IRAM[0m
[0;32mI (540) heap_init: At 40098718 len 000078E8 (30 KiB): IRAM[0m
[0;32mI (548) spi_flash: detected chip: generic[0m
[0;32mI (551) spi_flash: flash io: dio[0m
[0;33mW (555) i2c: This driver is an old driver, please migrate your application code to adapt `driver/i2c_master.h`[0m
[0;32mI (566) main_task: Started on CPU0[0m
[0;32mI (576) main_task: Calling app_main()[0m
I (606) wifi:wifi driver task: 3ffc06f0, prio:23, stack:6656, core=0
I (616) wifi:wifi firmware version: 0caa81945
I (616) wifi:wifi certification version: v7.0
I (616) wifi:config NVS flash: enabled
I (616) wifi:config nano formating: disabled
I (616) wifi:Init data frame dynamic rx buffer num: 32
I (626) wifi:Init static rx mgmt buffer num: 5
I (626) wifi:Init management short buffer num: 32
I (636) wifi:Init dynamic tx buffer num: 32
I (636) wifi:Init static rx buffer size: 1600
I (646) wifi:Init static rx buffer num: 10
I (646) wifi:Init dynamic rx buffer num: 32
[0;32mI (646) wifi_init: rx ba win: 6[0m
[0;32mI (656) wifi_init: accept mbox: 6[0m
[0;32mI (656) wifi_init: tcpip mbox: 32[0m
[0;32mI (656) wifi_init: udp mbox: 6[0m
[0;32mI (666) wifi_init: tcp mbox: 6[0m
[0;32mI (666) wifi_init: tcp tx win: 5760[0m
[0;32mI (676) wifi_init: tcp rx win: 5760[0m
[0;32mI (676) wifi_init: tcp mss: 1440[0m
[0;32mI (676) wifi_init: WiFi IRAM OP enabled[0m
[0;32mI (686) wifi_init: WiFi RX IRAM OP enabled[0m
[0;32mI (696) phy_init: phy_version 4830,54550f7,Jun 20 2024,14:22:08[0m
I (776) wifi:mode : sta (b0:a7:32:2b:8e:84)
I (776) wifi:enable tsf
Guru Meditation Error: Core  0 panic'ed (LoadProhibited). Exception was unhandled.

Core  0 register dump:
PC      : 0x400d94b0  PS      : 0x00060c30  A0      : 0x800d964e  A1      : 0x3ffba960  
A2      : 0x00000000  A3      : 0x00000075  A4      : 0x3ffba9a0  A5      : 0x00000001  
A6      : 0x00000000  A7      : 0x3ffc645c  A8      : 0x800d949c  A9      : 0x3ffba920  
A10     : 0x00000000  A11     : 0xffffffff  A12     : 0x00000001  A13     : 0x3ffbe5fc  
A14     : 0x401706b8  A15     : 0x3ffbe2b8  SAR     : 0x00000020  EXCCAUSE: 0x0000001c  
EXCVADDR: 0x00000008  LBEG    : 0x4000c2e0  LEND    : 0x4000c2f6  LCOUNT  : 0x00000000  


Backtrace: 0x400d94ad:0x3ffba960 0x400d964b:0x3ffba980 0x400d912f:0x3ffba9a0 0x400d91eb:0x3ffba9d0 0x40170a9f:0x3ffbaae0 0x4008b13d:0x3ffbab10




ELF file SHA256: fabf448f4

Rebooting...
ets Jul 29 2019 12:21:46

rst:0xc (SW_CPU_RESET),boot:0x17 (SPI_FAST_FLASH_BOOT)
configsip: 0, SPIWP:0xee
clk_drv:0x00,q_drv:0x00,d_drv:0x00,cs0_drv:0x00,hd_drv:0x00,wp_drv:0x00
mode:DIO, clock div:2
load:0x3fff0030,len:7176
load:0x40078000,len:15564
ho 0 tail 12 room 4
load:0x40080400,len:4
load:0x40080404,len:3904
entry 0x40080640
[0;32mI (31) boot: ESP-IDF v5.3 2nd stage bootloader[0m
[0;32mI (31) boot: compile time Sep 18 2024 11:44:26[0m
[0;32mI (31) boot: Multicore bootloader[0m
[0;32mI (35) boot: chip revision: v3.1[0m
[0;32mI (39) boot.esp32: SPI Speed      : 40MHz[0m
[0;32mI (44) boot.esp32: SPI Mode       : DIO[0m
[0;32mI (48) boot.esp32: SPI Flash Size : 4MB[0m
[0;32mI (53) boot: Enabling RNG early entropy source...[0m
[0;32mI (58) boot: Partition Table:[0m
[0;32mI (62) boot: ## Label            Usage          Type ST Offset   Length[0m
[0;32mI (69) boot:  0 nvs              WiFi data        01 02 00009000 00006000[0m
[0;32mI (76) boot:  1 phy_init         RF data          01 01 0000f000 00001000[0m
[0;32mI (84) boot:  2 factory          factory app      00 00 00010000 00100000[0m
[0;32mI (91) boot: End of partition table[0m
[0;32mI (96) esp_image: segment 0: paddr=00010020 vaddr=3f400020 size=267d8h (157656) map[0m
[0;32mI (158) esp_image: segment 1: paddr=00036800 vaddr=3ffb0000 size=03f34h ( 16180) load[0m
[0;32mI (164) esp_image: segment 2: paddr=0003a73c vaddr=40080000 size=058dch ( 22748) load[0m
[0;32mI (173) esp_image: segment 3: paddr=00040020 vaddr=400d0020 size=a2b08h (666376) map[0m
[0;32mI (402) esp_image: segment 4: paddr=000e2b30 vaddr=400858dc size=12e3ch ( 77372) load[0m
[0;32mI (445) boot: Loaded app from partition at offset 0x10000[0m
[0;32mI (445) boot: Disabling RNG early entropy source...[0m
[0;32mI (457) cpu_start: Multicore app[0m
[0;32mI (465) cpu_start: Pro cpu start user code[0m
[0;32mI (465) cpu_start: cpu freq: 160000000 Hz[0m
[0;32mI (465) app_init: Application information:[0m
[0;32mI (468) app_init: Project name:     MQTT_DEV[0m
[0;32mI (473) app_init: App version:      1[0m
[0;32mI (477) app_init: Compile time:     Sep 18 2024 11:44:06[0m
[0;32mI (483) app_init: ELF file SHA256:  fabf448f4...[0m
[0;32mI (489) app_init: ESP-IDF:          v5.3[0m
[0;32mI (493) efuse_init: Min chip rev:     v0.0[0m
[0;32mI (498) efuse_init: Max chip rev:     v3.99 [0m
[0;32mI (503) efuse_init: Chip rev:         v3.1[0m
[0;32mI (508) heap_init: Initializing. RAM available for dynamic allocation:[0m
[0;32mI (515) heap_init: At 3FFAE6E0 len 00001920 (6 KiB): DRAM[0m
[0;32mI (521) heap_init: At 3FFB87E8 len 00027818 (158 KiB): DRAM[0m
[0;32mI (527) heap_init: At 3FFE0440 len 00003AE0 (14 KiB): D/IRAM[0m
[0;32mI (534) heap_init: At 3FFE4350 len 0001BCB0 (111 KiB): D/IRAM[0m
[0;32mI (540) heap_init: At 40098718 len 000078E8 (30 KiB): IRAM[0m
[0;32mI (548) spi_flash: detected chip: generic[0m
[0;32mI (551) spi_flash: flash io: dio[0m
[0;33mW (555) i2c: This driver is an old driver, please migrate your application code to adapt `driver/i2c_master.h`[0m
[0;32mI (566) main_task: Started on CPU0[0m
[0;32mI (576) main_task: Calling app_main()[0m
I (606) wifi:wifi driver task: 3ffc06f0, prio:23, stack:6656, core=0
I (616) wifi:wifi firmware version: 0caa81945
I (616) wifi:wifi certification version: v7.0
I (616) wifi:config NVS flash: enabled
I (616) wifi:config nano formating: disabled
I (616) wifi:Init data frame dynamic rx buffer num: 32
I (626) wifi:Init static rx mgmt buffer num: 5
I (626) wifi:Init management short buffer num: 32
I (636) wifi:Init dynamic tx buffer num: 32
I (636) wifi:Init static rx buffer size: 1600
I (646) wifi:Init static rx buffer num: 10
I (646) wifi:Init dynamic rx buffer num: 32
[0;32mI (646) wifi_init: rx ba win: 6[0m
[0;32mI (656) wifi_init: accept mbox: 6[0m
[0;32mI (656) wifi_init: tcpip mbox: 32[0m
[0;32mI (656) wifi_init: udp mbox: 6[0m
[0;32mI (666) wifi_init: tcp mbox: 6[0m
[0;32mI (666) wifi_init: tcp tx win: 5760[0m
[0;32mI (676) wifi_init: tcp rx win: 5760[0m
[0;32mI (676) wifi_init: tcp mss: 1440[0m
[0;32mI (676) wifi_init: WiFi IRAM OP enabled[0m
[0;32mI (686) wifi_init: WiFi RX IRAM OP enabled[0m
[0;32mI (696) phy_init: phy_version 4830,54550f7,Jun 20 2024,14:22:08[0m
I (776) wifi:mode : sta (b0:a7:32:2b:8e:84)
I (776) wifi:enable tsf
Guru Meditation Error: Core  0 panic'ed (LoadProhibited). Exception was unhandled.

Core  0 register dump:
PC      : 0x400d94b0  PS      : 0x00060c30  A0      : 0x800d964e  A1      : 0x3ffba960  
A2      : 0x00000000  A3      : 0x00000075  A4      : 0x3ffba9a0  A5      : 0x00000001  
A6      : 0x00000000  A7      : 0x3ffc645c  A8      : 0x800d949c  A9      : 0x3ffba920  
A10     : 0x00000000  A11     : 0xffffffff  A12     : 0x00000001  A13     : 0x3ffbe5fc  
A14     : 0x401706b8  A15     : 0x3ffbe2b8  SAR     : 0x00000020  EXCCAUSE: 0x0000001c  
EXCVADDR: 0x00000008  LBEG    : 0x4000c2e0  LEND    : 0x4000c2f6  LCOUNT  : 0x00000000  


Backtrace: 0x400d94ad:0x3ffba960 0x400d964b:0x3ffba980 0x400d912f:0x3ffba9a0 0x400d91eb:0x3ffba9d0 0x40170a9f:0x3ffbaae0 0x4008b13d:0x3ffbab10




ELF file SHA256: fabf448f4

Rebooting...
ets Jul 29 2019 12:21:46

rst:0xc (SW_CPU_RESET),boot:0x17 (SPI_FAST_FLASH_BOOT)
configsip: 0, SPIWP:0xee
clk_drv:0x00,q_drv:0x00,d_drv:0x00,cs0_drv:0x00,hd_drv:0x00,wp_drv:0x00
mode:DIO, clock div:2
load:0x3fff0030,len:7176
load:0x40078000,len:15564
ho 0 tail 12 room 4
load:0x40080400,len:4
load:0x40080404,len:3904
entry 0x40080640
[0;32mI (31) boot: ESP-IDF v5.3 2nd stage bootloader[0m
[0;32mI (31) boot: compile time Sep 18 2024 11:44:26[0m
[0;32mI (31) boot: Multicore bootloader[0m
[0;32mI (35) boot: chip revision: v3.1[0m
[0;32mI (39) boot.esp32: SPI Speed      : 40MHz[0m
[0;32mI (44) boot.esp32: SPI Mode       : DIO[0m
[0;32mI (48) boot.esp32: SPI Flash Size : 4MB[0m
[0;32mI (53) boot: Enabling RNG early entropy source...[0m
[0;32mI (58) boot: Partition Table:[0m
[0;32mI (62) boot: ## Label            Usage          Type ST Offset   Length[0m
[0;32mI (69) boot:  0 nvs              WiFi data        01 02 00009000 00006000[0m
[0;32mI (76) boot:  1 phy_init         RF data          01 01 0000f000 00001000[0m
[0;32mI (84) boot:  2 factory          factory app      00 00 00010000 00100000[0m
[0;32mI (91) boot: End of partition table[0m
[0;32mI (96) esp_image: segment 0: paddr=00010020 vaddr=3f400020 size=267d8h (157656) map[0m
[0;32mI (158) esp_image: segment 1: paddr=00036800 vaddr=3ffb0000 size=03f34h ( 16180) load[0m
[0;32mI (164) esp_image: segment 2: paddr=0003a73c vaddr=40080000 size=058dch ( 22748) load[0m
[0;32mI (173) esp_image: segment 3: paddr=00040020 vaddr=400d0020 size=a2b08h (666376) map[0m
[0;32mI (402) esp_image: segment 4: paddr=000e2b30 vaddr=400858dc size=12e3ch ( 77372) load[0m
[0;32mI (445) boot: Loaded app from partition at offset 0x10000[0m
[0;32mI (445) boot: Disabling RNG early entropy source...[0m
[0;32mI (457) cpu_start: Multicore app[0m
[0;32mI (465) cpu_start: Pro cpu start user code[0m
[0;32mI (465) cpu_start: cpu freq: 160000000 Hz[0m
[0;32mI (465) app_init: Application information:[0m
[0;32mI (468) app_init: Project name:     MQTT_DEV[0m
[0;32mI (473) app_init: App version:      1[0m
[0;32mI (477) app_init: Compile time:     Sep 18 2024 11:44:06[0m
[0;32mI (483) app_init: ELF file SHA256:  fabf448f4...[0m
[0;32mI (489) app_init: ESP-IDF:          v5.3[0m
[0;32mI (493) efuse_init: Min chip rev:     v0.0[0m
[0;32mI (498) efuse_init: Max chip rev:     v3.99 [0m
[0;32mI (503) efuse_init: Chip rev:         v3.1[0m
[0;32mI (508) heap_init: Initializing. RAM available for dynamic allocation:[0m
[0;32mI (515) heap_init: At 3FFAE6E0 len 00001920 (6 KiB): DRAM[0m
[0;32mI (521) heap_init: At 3FFB87E8 len 00027818 (158 KiB): DRAM[0m
[0;32mI (527) heap_init: At 3FFE0440 len 00003AE0 (14 KiB): D/IRAM[0m
[0;32mI (534) heap_init: At 3FFE4350 len 0001BCB0 (111 KiB): D/IRAM[0m
[0;32mI (540) heap_init: At 40098718 len 000078E8 (30 KiB): IRAM[0m
[0;32mI (548) spi_flash: detected chip: generic[0m
[0;32mI (551) spi_flash: flash io: dio[0m
[0;33mW (555) i2c: This driver is an old driver, please migrate your application code to adapt `driver/i2c_master.h`[0m
[0;32mI (566) main_task: Started on CPU0[0m
[0;32mI (576) main_task: Calling app_main()[0m
I (606) wifi:wifi driver task: 3ffc06f0, prio:23, stack:6656, core=0
I (616) wifi:wifi firmware version: 0caa81945
I (616) wifi:wifi certification version: v7.0
I (616) wifi:config NVS flash: enabled
I (616) wifi:config nano formating: disabled
I (616) wifi:Init data frame dynamic rx buffer num: 32
I (626) wifi:Init static rx mgmt buffer num: 5
I (626) wifi:Init management short buffer num: 32
I (636) wifi:Init dynamic tx buffer num: 32
I (636) wifi:Init static rx buffer size: 1600
I (646) wifi:Init static rx buffer num: 10
I (646) wifi:Init dynamic rx buffer num: 32
[0;32mI (646) wifi_init: rx ba win: 6[0m
[0;32mI (656) wifi_init: accept mbox: 6[0m
[0;32mI (656) wifi_init: tcpip mbox: 32[0m
[0;32mI (656) wifi_init: udp mbox: 6[0m
[0;32mI (666) wifi_init: tcp mbox: 6[0m
[0;32mI (666) wifi_init: tcp tx win: 5760[0m
[0;32mI (676) wifi_init: tcp rx win: 5760[0m
[0;32mI (676) wifi_init: tcp mss: 1440[0m
[0;32mI (676) wifi_init: WiFi IRAM OP enabled[0m
[0;32mI (686) wifi_init: WiFi RX IRAM OP enabled[0m
[0;32mI (696) phy_init: phy_version 4830,54550f7,Jun 20 2024,14:22:08[0m
I (776) wifi:mode : sta (b0:a7:32:2b:8e:84)
I (776) wifi:enable tsf
Guru Meditation Error: Core  0 panic'ed (LoadProhibited). Exception was unhandled.

Core  0 register dump:
PC      : 0x400d94b0  PS      : 0x00060c30  A0      : 0x800d964e  A1      : 0x3ffba960  
A2      : 0x00000000  A3      : 0x00000075  A4      : 0x3ffba9a0  A5      : 0x00000001  
A6      : 0x00000000  A7      : 0x3ffc645c  A8      : 0x800d949c  A9      : 0x3ffba920  
A10     : 0x00000000  A11     : 0xffffffff  A12     : 0x00000001  A13     : 0x3ffbe5fc  
A14     : 0x401706b8  A15     : 0x3ffbe2b8  SAR     : 0x00000020  EXCCAUSE: 0x0000001c  
EXCVADDR: 0x00000008  LBEG    : 0x4000c2e0  LEND    : 0x4000c2f6  LCOUNT  : 0x00000000  


Backtrace: 0x400d94ad:0x3ffba960 0x400d964b:0x3ffba980 0x400d912f:0x3ffba9a0 0x400d91eb:0x3ffba9d0 0x40170a9f:0x3ffbaae0 0x4008b13d:0x3ffbab10




ELF file SHA256: fabf448f4

Rebooting...
ets Jul 29 2019 12:21:46

rst:0xc (SW_CPU_RESET),boot:0x17 (SPI_FAST_FLASH_BOOT)
configsip: 0, SPIWP:0xee
clk_drv:0x00,q_drv:0x00,d_drv:0x00,cs0_drv:0x00,hd_drv:0x00,wp_drv:0x00
mode:DIO, clock div:2
load:0x3fff0030,len:7176
load:0x40078000,len:15564
ho 0 tail 12 room 4
load:0x40080400,len:4
load:0x40080404,len:3904
entry 0x40080640
[0;32mI (31) boot: ESP-IDF v5.3 2nd stage bootloader[0m
[0;32mI (31) boot: compile time Sep 18 2024 11:44:26[0m
[0;32mI (31) boot: Multicore bootloader[0m
[0;32mI (35) boot: chip revision: v3.1[0m
[0;32mI (39) boot.esp32: SPI Speed      : 40MHz[0m
[0;32mI (44) boot.esp32: SPI Mode       : DIO[0m
[0;32mI (48) boot.esp32: SPI Flash Size : 4MB[0m
[0;32mI (53) boot: Enabling RNG early entropy source...[0m
[0;32mI (58) boot: Partition Table:[0m
[0;32mI (62) boot: ## Label            Usage          Type ST Offset   Length[0m
[0;32mI (69) boot:  0 nvs              WiFi data        01 02 00009000 00006000[0m
[0;32mI (76) boot:  1 phy_init         RF data          01 01 0000f000 00001000[0m
[0;32mI (84) boot:  2 factory          factory app      00 00 00010000 00100000[0m
[0;32mI (91) boot: End of partition table[0m
[0;32mI (96) esp_image: segment 0: paddr=00010020 vaddr=3f400020 size=267d8h (157656) map[0m
[0;32mI (158) esp_image: segment 1: paddr=00036800 vaddr=3ffb0000 size=03f34h ( 16180) load[0m
[0;32mI (164) esp_image: segment 2: paddr=0003a73c vaddr=40080000 size=058dch ( 22748) load[0m
[0;32mI (173) esp_image: segment 3: paddr=00040020 vaddr=400d0020 size=a2b08h (666376) map[0m
[0;32mI (402) esp_image: segment 4: paddr=000e2b30 vaddr=400858dc size=12e3ch ( 77372) load[0m
[0;32mI (445) boot: Loaded app from partition at offset 0x10000[0m
[0;32mI (445) boot: Disabling RNG early entropy source...[0m
[0;32mI (457) cpu_start: Multicore app[0m
[0;32mI (465) cpu_start: Pro cpu start user code[0m
[0;32mI (465) cpu_start: cpu freq: 160000000 Hz[0m
[0;32mI (465) app_init: Application information:[0m
[0;32mI (468) app_init: Project name:     MQTT_DEV[0m
[0;32mI (473) app_init: App version:      1[0m
[0;32mI (477) app_init: Compile time:     Sep 18 2024 11:44:06[0m
[0;32mI (483) app_init: ELF file SHA256:  fabf448f4...[0m
[0;32mI (489) app_init: ESP-IDF:          v5.3[0m
[0;32mI (493) efuse_init: Min chip rev:     v0.0[0m
[0;32mI (498) efuse_init: Max chip rev:     v3.99 [0m
[0;32mI (503) efuse_init: Chip rev:         v3.1[0m
[0;32mI (508) heap_init: Initializing. RAM available for dynamic allocation:[0m
[0;32mI (515) heap_init: At 3FFAE6E0 len 00001920 (6 KiB): DRAM[0m
[0;32mI (521) heap_init: At 3FFB87E8 len 00027818 (158 KiB): DRAM[0m
[0;32mI (527) heap_init: At 3FFE0440 len 00003AE0 (14 KiB): D/IRAM[0m
[0;32mI (534) heap_init: At 3FFE4350 len 0001BCB0 (111 KiB): D/IRAM[0m
[0;32mI (540) heap_init: At 40098718 len 000078E8 (30 KiB): IRAM[0m
[0;32mI (548) spi_flash: detected chip: generic[0m
[0;32mI (551) spi_flash: flash io: dio[0m
[0;33mW (555) i2c: This driver is an old driver, please migrate your application code to adapt `driver/i2c_master.h`[0m
[0;32mI (566) main_task: Started on CPU0[0m
[0;32mI (576) main_task: Calling app_main()[0m
I (606) wifi:wifi driver task: 3ffc06f0, prio:23, stack:6656, core=0
I (616) wifi:wifi firmware version: 0caa81945
I (616) wifi:wifi certification version: v7.0
I (616) wifi:config NVS flash: enabled
I (616) wifi:config nano formating: disabled
I (616) wifi:Init data frame dynamic rx buffer num: 32
I (626) wifi:Init static rx mgmt buffer num: 5
I (626) wifi:Init management short buffer num: 32
I (636) wifi:Init dynamic tx buffer num: 32
I (636) wifi:Init static rx buffer size: 1600
I (646) wifi:Init static rx buffer num: 10
I (646) wifi:Init dynamic rx buffer num: 32
[0;32mI (646) wifi_init: rx ba win: 6[0m
[0;32mI (656) wifi_init: accept mbox: 6[0m
[0;32mI (656) wifi_init: tcpip mbox: 32[0m
[0;32mI (656) wifi_init: udp mbox: 6[0m
[0;32mI (666) wifi_init: tcp mbox: 6[0m
[0;32mI (666) wifi_init: tcp tx win: 5760[0m
[0;32mI (676) wifi_init: tcp rx win: 5760[0m
[0;32mI (676) wifi_init: tcp mss: 1440[0m
[0;32mI (676) wifi_init: WiFi IRAM OP enabled[0m
[0;32mI (686) wifi_init: WiFi RX IRAM OP enabled[0m
[0;32mI (696) phy_init: phy_version 4830,54550f7,Jun 20 2024,14:22:08[0m
I (776) wifi:mode : sta (b0:a7:32:2b:8e:84)
I (776) wifi:enable tsf
Guru Meditation Error: Core  0 panic'ed (LoadProhibited). Exception was unhandled.

Core  0 register dump:
PC      : 0x400d94b0  PS      : 0x00060c30  A0      : 0x800d964e  A1      : 0x3ffba960  
A2      : 0x00000000  A3      : 0x00000075  A4      : 0x3ffba9a0  A5      : 0x00000001  
A6      : 0x00000000  A7      : 0x3ffc645c  A8      : 0x800d949c  A9      : 0x3ffba920  
A10     : 0x00000000  A11     : 0xffffffff  A12     : 0x00000001  A13     : 0x3ffbe5fc  
A14     : 0x401706b8  A15     : 0x3ffbe2b8  SAR     : 0x00000020  EXCCAUSE: 0x0000001c  
EXCVADDR: 0x00000008  LBEG    : 0x4000c2e0  LEND    : 0x4000c2f6  LCOUNT  : 0x00000000  


Backtrace: 0x400d94ad:0x3ffba960 0x400d964b:0x3ffba980 0x400d912f:0x3ffba9a0 0x400d91eb:0x3ffba9d0 0x40170a9f:0x3ffbaae0 0x4008b13d:0x3ffbab10




ELF file SHA256: fabf448f4

Rebooting...
ets Jul 29 2019 12:21:46

rst:0xc (SW_CPU_RESET),boot:0x17 (SPI_FAST_FLASH_BOOT)
configsip: 0, SPIWP:0xee
clk_drv:0x00,q_drv:0x00,d_drv:0x00,cs0_drv:0x00,hd_drv:0x00,wp_drv:0x00
mode:DIO, clock div:2
load:0x3fff0030,len:7176
load:0x40078000,len:15564
ho 0 tail 12 room 4
load:0x40080400,len:4
load:0x40080404,len:3904
entry 0x40080640
[0;32mI (31) boot: ESP-IDF v5.3 2nd stage bootloader[0m
[0;32mI (31) boot: compile time Sep 18 2024 11:44:26[0m
[0;32mI (31) boot: Multicore bootloader[0m
[0;32mI (35) boot: chip revision: v3.1[0m
[0;32mI (39) boot.esp32: SPI Speed      : 40MHz[0m
[0;32mI (44) boot.esp32: SPI Mode       : DIO[0m
[0;32mI (48) boot.esp32: SPI Flash Size : 4MB[0m
[0;32mI (53) boot: Enabling RNG early entropy source...[0m
[0;32mI (58) boot: Partition Table:[0m
[0;32mI (62) boot: ## Label            Usage          Type ST Offset   Length[0m
[0;32mI (69) boot:  0 nvs              WiFi data        01 02 00009000 00006000[0m
[0;32mI (76) boot:  1 phy_init         RF data          01 01 0000f000 00001000[0m
[0;32mI (84) boot:  2 factory          factory app      00 00 00010000 00100000[0m
[0;32mI (91) boot: End of partition table[0m
[0;32mI (96) esp_image: segment 0: paddr=00010020 vaddr=3f400020 size=267d8h (157656) map[0m
[0;32mI (158) esp_image: segment 1: paddr=00036800 vaddr=3ffb0000 size=03f34h ( 16180) load[0m
[0;32mI (164) esp_image: segment 2: paddr=0003a73c vaddr=40080000 size=058dch ( 22748) load[0m
[0;32mI (173) esp_image: segment 3: paddr=00040020 vaddr=400d0020 size=a2b08h (666376) map[0m
[0;32mI (402) esp_image: segment 4: paddr=000e2b30 vaddr=400858dc size=12e3ch ( 77372) load[0m
[0;32mI (445) boot: Loaded app from partition at offset 0x10000[0m
[0;32mI (445) boot: Disabling RNG early entropy source...[0m
[0;32mI (457) cpu_start: Multicore app[0m
[0;32mI (465) cpu_start: Pro cpu start user code[0m
[0;32mI (465) cpu_start: cpu freq: 160000000 Hz[0m
[0;32mI (465) app_init: Application information:[0m
[0;32mI (468) app_init: Project name:     MQTT_DEV[0m
[0;32mI (473) app_init: App version:      1[0m
[0;32mI (477) app_init: Compile time:     Sep 18 2024 11:44:06[0m
[0;32mI (483) app_init: ELF file SHA256:  fabf448f4...[0m
[0;32mI (489) app_init: ESP-IDF:          v5.3[0m
[0;32mI (493) efuse_init: Min chip rev:     v0.0[0m
[0;32mI (498) efuse_init: Max chip rev:     v3.99 [0m
[0;32mI (503) efuse_init: Chip rev:         v3.1[0m
[0;32mI (508) heap_init: Initializing. RAM available for dynamic allocation:[0m
[0;32mI (515) heap_init: At 3FFAE6E0 len 00001920 (6 KiB): DRAM[0m
[0;32mI (521) heap_init: At 3FFB87E8 len 00027818 (158 KiB): DRAM[0m
[0;32mI (527) heap_init: At 3FFE0440 len 00003AE0 (14 KiB): D/IRAM[0m
[0;32mI (534) heap_init: At 3FFE4350 len 0001BCB0 (111 KiB): D/IRAM[0m
[0;32mI (540) heap_init: At 40098718 len 000078E8 (30 KiB): IRAM[0m
[0;32mI (548) spi_flash: detected chip: generic[0m
[0;32mI (551) spi_flash: flash io: dio[0m
[0;33mW (555) i2c: This driver is an old driver, please migrate your application code to adapt `driver/i2c_master.h`[0m
[0;32mI (566) main_task: Started on CPU0[0m
[0;32mI (576) main_task: Calling app_main()[0m
I (606) wifi:wifi driver task: 3ffc06f0, prio:23, stack:6656, core=0
I (616) wifi:wifi firmware version: 0caa81945
I (616) wifi:wifi certification version: v7.0
I (616) wifi:config NVS flash: enabled
I (616) wifi:config nano formating: disabled
I (616) wifi:Init data frame dynamic rx buffer num: 32
I (626) wifi:Init static rx mgmt buffer num: 5
I (626) wifi:Init management short buffer num: 32
I (636) wifi:Init dynamic tx buffer num: 32
I (636) wifi:Init static rx buffer size: 1600
I (646) wifi:Init static rx buffer num: 10
I (646) wifi:Init dynamic rx buffer num: 32
[0;32mI (646) wifi_init: rx ba win: 6[0m
[0;32mI (656) wifi_init: accept mbox: 6[0m
[0;32mI (656) wifi_init: tcpip mbox: 32[0m
[0;32mI (656) wifi_init: udp mbox: 6[0m
[0;32mI (666) wifi_init: tcp mbox: 6[0m
[0;32mI (666) wifi_init: tcp tx win: 5760[0m
[0;32mI (676) wifi_init: tcp rx win: 5760[0m
[0;32mI (676) wifi_init: tcp mss: 1440[0m
[0;32mI (676) wifi_init: WiFi IRAM OP enabled[0m
[0;32mI (686) wifi_init: WiFi RX IRAM OP enabled[0m
[0;32mI (696) phy_init: phy_version 4830,54550f7,Jun 20 2024,14:22:08[0m
I (786) wifi:mode : sta (b0:a7:32:2b:8e:84)
I (786) wifi:enable tsf
Guru Meditation Error: Core  0 panic'ed (LoadProhibited). Exception was unhandled.

Core  0 register dump:
PC      : 0x400d94b0  PS      : 0x00060c30  A0      : 0x800d964e  A1      : 0x3ffba960  
A2      : 0x00000000  A3      : 0x00000075  A4      : 0x3ffba9a0  A5      : 0x00000001  
A6      : 0x00000000  A7      : 0x3ffc645c  A8      : 0x800d949c  A9      : 0x3ffba920  
A10     : 0x00000000  A11     : 0xffffffff  A12     : 0x00000001  A13     : 0x3ffbe5fc  
A14     : 0x401706b8  A15     : 0x3ffbe2b8  SAR     : 0x00000020  EXCCAUSE: 0x0000001c  
EXCVADDR: 0x00000008  LBEG    : 0x4000c2e0  LEND    : 0x4000c2f6  LCOUNT  : 0x00000000  


Backtrace: 0x400d94ad:0x3ffba960 0x400d964b:0x3ffba980 0x400d912f:0x3ffba9a0 0x400d91eb:0x3ffba9d0 0x40170a9f:0x3ffbaae0 0x4008b13d:0x3ffbab10




ELF file SHA256: fabf448f4

Rebooting...
ets Jul 29 2019 12:21:46

rst:0xc (SW_CPU_RESET),boot:0x17 (SPI_FAST_FLASH_BOOT)
configsip: 0, SPIWP:0xee
clk_drv:0x00,q_drv:0x00,d_drv:0x00,cs0_drv:0x00,hd_drv:0x00,wp_drv:0x00
mode:DIO, clock div:2
load:0x3fff0030,len:7176
load:0x40078000,len:15564
ho 0 tail 12 room 4
load:0x40080400,len:4
load:0x40080404,len:3904
entry 0x40080640
[0;32mI (31) boot: ESP-IDF v5.3 2nd stage bootloader[0m
[0;32mI (31) boot: compile time Sep 18 2024 11:44:26[0m
[0;32mI (31) boot: Multicore bootloader[0m
[0;32mI (35) boot: chip revision: v3.1[0m
[0;32mI (39) boot.esp32: SPI Speed      : 40MHz[0m
[0;32mI (44) boot.esp32: SPI Mode       : DIO[0m
[0;32mI (48) boot.esp32: SPI Flash Size : 4MB[0m
[0;32mI (53) boot: Enabling RNG early entropy source...[0m
[0;32mI (58) boot: Partition Table:[0m
[0;32mI (62) boot: ## Label            Usage          Type ST Offset   Length[0m
[0;32mI (69) boot:  0 nvs              WiFi data        01 02 00009000 00006000[0m
[0;32mI (76) boot:  1 phy_init         RF data          01 01 0000f000 00001000[0m
[0;32mI (84) boot:  2 factory          factory app      00 00 00010000 00100000[0m
[0;32mI (91) boot: End of partition table[0m
[0;32mI (96) esp_image: segment 0: paddr=00010020 vaddr=3f400020 size=267d8h (157656) map[0m
[0;32mI (158) esp_image: segment 1: paddr=00036800 vaddr=3ffb0000 size=03f34h ( 16180) load[0m
[0;32mI (164) esp_image: segment 2: paddr=0003a73c vaddr=40080000 size=058dch ( 22748) load[0m
[0;32mI (173) esp_image: segment 3: paddr=00040020 vaddr=400d0020 size=a2b08h (666376) map[0m
[0;32mI (402) esp_image: segment 4: paddr=000e2b30 vaddr=400858dc size=12e3ch ( 77372) load[0m
[0;32mI (445) boot: Loaded app from partition at offset 0x10000[0m
[0;32mI (445) boot: Disabling RNG early entropy source...[0m
[0;32mI (457) cpu_start: Multicore app[0m
[0;32mI (465) cpu_start: Pro cpu start user code[0m
[0;32mI (465) cpu_start: cpu freq: 160000000 Hz[0m
[0;32mI (465) app_init: Application information:[0m
[0;32mI (468) app_init: Project name:     MQTT_DEV[0m
[0;32mI (473) app_init: App version:      1[0m
[0;32mI (477) app_init: Compile time:     Sep 18 2024 11:44:06[0m
[0;32mI (483) app_init: ELF file SHA256:  fabf448f4...[0m
[0;32mI (489) app_init: ESP-IDF:          v5.3[0m
[0;32mI (493) efuse_init: Min chip rev:     v0.0[0m
[0;32mI (498) efuse_init: Max chip rev:     v3.99 [0m
[0;32mI (503) efuse_init: Chip rev:         v3.1[0m
[0;32mI (508) heap_init: Initializing. RAM available for dynamic allocation:[0m
[0;32mI (515) heap_init: At 3FFAE6E0 len 00001920 (6 KiB): DRAM[0m
[0;32mI (521) heap_init: At 3FFB87E8 len 00027818 (158 KiB): DRAM[0m
[0;32mI (527) heap_init: At 3FFE0440 len 00003AE0 (14 KiB): D/IRAM[0m
[0;32mI (534) heap_init: At 3FFE4350 len 0001BCB0 (111 KiB): D/IRAM[0m
[0;32mI (540) heap_init: At 40098718 len 000078E8 (30 KiB): IRAM[0m
[0;32mI (548) spi_flash: detected chip: generic[0m
[0;32mI (551) spi_flash: flash io: dio[0m
[0;33mW (555) i2c: This driver is an old driver, please migrate your application code to adapt `driver/i2c_master.h`[0m
[0;32mI (566) main_task: Started on CPU0[0m
[0;32mI (576) main_task: Calling app_main()[0m
I (606) wifi:wifi driver task: 3ffc06f0, prio:23, stack:6656, core=0
I (616) wifi:wifi firmware version: 0caa81945
I (616) wifi:wifi certification version: v7.0
I (616) wifi:config NVS flash: enabled
I (616) wifi:config nano formating: disabled
I (616) wifi:Init data frame dynamic rx buffer num: 32
I (626) wifi:Init static rx mgmt buffer num: 5
I (626) wifi:Init management short buffer num: 32
I (636) wifi:Init dynamic tx buffer num: 32
I (636) wifi:Init static rx buffer size: 1600
I (646) wifi:Init static rx buffer num: 10
I (646) wifi:Init dynamic rx buffer num: 32
[0;32mI (646) wifi_init: rx ba win: 6[0m
[0;32mI (656) wifi_init: accept mbox: 6[0m
[0;32mI (656) wifi_init: tcpip mbox: 32[0m
[0;32mI (656) wifi_init: udp mbox: 6[0m
[0;32mI (666) wifi_init: tcp mbox: 6[0m
[0;32mI (666) wifi_init: tcp tx win: 5760[0m
[0;32mI (676) wifi_init: tcp rx win: 5760[0m
[0;32mI (676) wifi_init: tcp mss: 1440[0m
[0;32mI (676) wifi_init: WiFi IRAM OP enabled[0m
[0;32mI (686) wifi_init: WiFi RX IRAM OP enabled[0m
[0;32mI (696) phy_init: phy_version 4830,54550f7,Jun 20 2024,14:22:08[0m
I (776) wifi:mode : sta (b0:a7:32:2b:8e:84)
I (776) wifi:enable tsf
Guru Meditation Error: Core  0 panic'ed (LoadProhibited). Exception was unhandled.

Core  0 register dump:
PC      : 0x400d94b0  PS      : 0x00060c30  A0      : 0x800d964e  A1      : 0x3ffba960  
A2      : 0x00000000  A3      : 0x00000075  A4      : 0x3ffba9a0  A5      : 0x00000001  
A6      : 0x00000000  A7      : 0x3ffc645c  A8      : 0x800d949c  A9      : 0x3ffba920  
A10     : 0x00000000  A11     : 0xffffffff  A12     : 0x00000001  A13     : 0x00060023  
A14     : 0x401706b8  A15     : 0x0000cdcd  SAR     : 0x00000020  EXCCAUSE: 0x0000001c  
EXCVADDR: 0x00000008  LBEG    : 0x4000c2e0  LEND    : 0x4000c2f6  LCOUNT  : 0x00000000  


Backtrace: 0x400d94ad:0x3ffba960 0x400d964b:0x3ffba980 0x400d912f:0x3ffba9a0 0x400d91eb:0x3ffba9d0 0x40170a9f:0x3ffbaae0 0x4008b13d:0x3ffbab10




ELF file SHA256: fabf448f4

Rebooting...
ets Jul 29 2019 12:21:46

rst:0xc (SW_CPU_RESET),boot:0x17 (SPI_FAST_FLASH_BOOT)
configsip: 0, SPIWP:0xee
clk_drv:0x00,q_drv:0x00,d_drv:0x00,cs0_drv:0x00,hd_drv:0x00,wp_drv:0x00
mode:DIO, clock div:2
load:0x3fff0030,len:7176
load:0x40078000,len:15564
ho 0 tail 12 room 4
load:0x40080400,len:4
load:0x40080404,len:3904
entry 0x40080640
[0;32mI (31) boot: ESP-IDF v5.3 2nd stage bootloader[0m
[0;32mI (31) boot: compile time Sep 18 2024 11:44:26[0m
[0;32mI (31) boot: Multicore bootloader[0m
[0;32mI (35) boot: chip revision: v3.1[0m
[0;32mI (39) boot.esp32: SPI Speed      : 40MHz[0m
[0;32mI (44) boot.esp32: SPI Mode       : DIO[0m
[0;32mI (48) boot.esp32: SPI Flash Size : 4MB[0m
[0;32mI (53) boot: Enabling RNG early entropy source...[0m
[0;32mI (58) boot: Partition Table:[0m
[0;32mI (62) boot: ## Label            Usage          Type ST Offset   Length[0m
[0;32mI (69) boot:  0 nvs              WiFi data        01 02 00009000 00006000[0m
[0;32mI (76) boot:  1 phy_init         RF data          01 01 0000f000 00001000[0m
[0;32mI (84) boot:  2 factory          factory app      00 00 00010000 00100000[0m
[0;32mI (91) boot: End of partition table[0m
[0;32mI (96) esp_image: segment 0: paddr=00010020 vaddr=3f400020 size=267d8h (157656) map[0m
[0;32mI (158) esp_image: segment 1: paddr=00036800 vaddr=3ffb0000 size=03f34h ( 16180) load[0m
[0;32mI (164) esp_image: segment 2: paddr=0003a73c vaddr=40080000 size=058dch ( 22748) load[0m
[0;32mI (173) esp_image: segment 3: paddr=00040020 vaddr=400d0020 size=a2b08h (666376) map[0m
[0;32mI (402) esp_image: segment 4: paddr=000e2b30 vaddr=400858dc size=12e3ch ( 77372) load[0m
[0;32mI (445) boot: Loaded app from partition at offset 0x10000[0m
[0;32mI (445) boot: Disabling RNG early entropy source...[0m
[0;32mI (457) cpu_start: Multicore app[0m
[0;32mI (465) cpu_start: Pro cpu start user code[0m
[0;32mI (465) cpu_start: cpu freq: 160000000 Hz[0m
[0;32mI (465) app_init: Application information:[0m
[0;32mI (468) app_init: Project name:     MQTT_DEV[0m
[0;32mI (473) app_init: App version:      1[0m
[0;32mI (477) app_init: Compile time:     Sep 18 2024 11:44:06[0m
[0;32mI (483) app_init: ELF file SHA256:  fabf448f4...[0m
[0;32mI (489) app_init: ESP-IDF:          v5.3[0m
[0;32mI (493) efuse_init: Min chip rev:     v0.0[0m
[0;32mI (498) efuse_init: Max chip rev:     v3.99 [0m
[0;32mI (503) efuse_init: Chip rev:         v3.1[0m
[0;32mI (508) heap_init: Initializing. RAM available for dynamic allocation:[0m
[0;32mI (515) heap_init: At 3FFAE6E0 len 00001920 (6 KiB): DRAM[0m
[0;32mI (521) heap_init: At 3FFB87E8 len 00027818 (158 KiB): DRAM[0m
[0;32mI (527) heap_init: At 3FFE0440 len 00003AE0 (14 KiB): D/IRAM[0m
[0;32mI (534) heap_init: At 3FFE4350 len 0001BCB0 (111 KiB): D/IRAM[0m
[0;32mI (540) heap_init: At 40098718 len 000078E8 (30 KiB): IRAM[0m
[0;32mI (548) spi_flash: detected chip: generic[0m
[0;32mI (551) spi_flash: flash io: dio[0m
[0;33mW (555) i2c: This driver is an old driver, please migrate your application code to adapt `driver/i2c_master.h`[0m
[0;32mI (566) main_task: Started on CPU0[0m
[0;32mI (576) main_task: Calling app_main()[0m
I (606) wifi:wifi driver task: 3ffc06f0, prio:23, stack:6656, core=0
I (616) wifi:wifi firmware version: 0caa81945
I (616) wifi:wifi certification version: v7.0
I (616) wifi:config NVS flash: enabled
I (616) wifi:config nano formating: disabled
I (616) wifi:Init data frame dynamic rx buffer num: 32
I (626) wifi:Init static rx mgmt buffer num: 5
I (626) wifi:Init management short buffer num: 32
I (636) wifi:Init dynamic tx buffer num: 32
I (636) wifi:Init static rx buffer size: 1600
I (646) wifi:Init static rx buffer num: 10
I (646) wifi:Init dynamic rx buffer num: 32
[0;32mI (646) wifi_init: rx ba win: 6[0m
[0;32mI (656) wifi_init: accept mbox: 6[0m
[0;32mI (656) wifi_init: tcpip mbox: 32[0m
[0;32mI (656) wifi_init: udp mbox: 6[0m
[0;32mI (666) wifi_init: tcp mbox: 6[0m
[0;32mI (666) wifi_init: tcp tx win: 5760[0m
[0;32mI (676) wifi_init: tcp rx win: 5760[0m
[0;32mI (676) wifi_init: tcp mss: 1440[0m
[0;32mI (676) wifi_init: WiFi IRAM OP enabled[0m
[0;32mI (686) wifi_init: WiFi RX IRAM OP enabled[0m
[0;32mI (696) phy_init: phy_version 4830,54550f7,Jun 20 2024,14:22:08[0m
I (776) wifi:mode : sta (b0:a7:32:2b:8e:84)
I (776) wifi:enable tsf
Guru Meditation Error: Core  0 panic'ed (LoadProhibited). Exception was unhandled.

Core  0 register dump:
PC      : 0x400d94b0  PS      : 0x00060c30  A0      : 0x800d964e  A1      : 0x3ffba960  
A2      : 0x00000000  A3      : 0x00000075  A4      : 0x3ffba9a0  A5      : 0x00000001  
A6      : 0x00000000  A7      : 0x3ffc645c  A8      : 0x800d949c  A9      : 0x3ffba920  
A10     : 0x00000000  A11     : 0xffffffff  A12     : 0x00000001  A13     : 0x3ffbe5fc  
A14     : 0x401706b8  A15     : 0x3ffbe2b8  SAR     : 0x00000020  EXCCAUSE: 0x0000001c  
EXCVADDR: 0x00000008  LBEG    : 0x4000c2e0  LEND    : 0x4000c2f6  LCOUNT  : 0x00000000  


Backtrace: 0x400d94ad:0x3ffba960 0x400d964b:0x3ffba980 0x400d912f:0x3ffba9a0 0x400d91eb:0x3ffba9d0 0x40170a9f:0x3ffbaae0 0x4008b13d:0x3ffbab10




ELF file SHA256: fabf448f4

Rebooting...
ets Jul 29 2019 12:21:46

rst:0xc (SW_CPU_RESET),boot:0x17 (SPI_FAST_FLASH_BOOT)
configsip: 0, SPIWP:0xee
clk_drv:0x00,q_drv:0x00,d_drv:0x00,cs0_drv:0x00,hd_drv:0x00,wp_drv:0x00
mode:DIO, clock div:2
load:0x3fff0030,len:7176
load:0x40078000,len:15564
ho 0 tail 12 room 4
load:0x40080400,len:4
load:0x40080404,len:3904
entry 0x40080640
[0;32mI (31) boot: ESP-IDF v5.3 2nd stage bootloader[0m
[0;32mI (31) boot: compile time Sep 18 2024 11:44:26[0m
[0;32mI (31) boot: Multicore bootloader[0m
[0;32mI (35) boot: chip revision: v3.1[0m
[0;32mI (39) boot.esp32: SPI Speed      : 40MHz[0m
[0;32mI (44) boot.esp32: SPI Mode       : DIO[0m
[0;32mI (48) boot.esp32: SPI Flash Size : 4MB[0m
[0;32mI (53) boot: Enabling RNG early entropy source...[0m
[0;32mI (58) boot: Partition Table:[0m
[0;32mI (62) boot: ## Label            Usage          Type ST Offset   Length[0m
[0;32mI (69) boot:  0 nvs              WiFi data        01 02 00009000 00006000[0m
[0;32mI (76) boot:  1 phy_init         RF data          01 01 0000f000 00001000[0m
[0;32mI (84) boot:  2 factory          factory app      00 00 00010000 00100000[0m
[0;32mI (91) boot: End of partition table[0m
[0;32mI (96) esp_image: segment 0: paddr=00010020 vaddr=3f400020 size=267d8h (157656) map[0m
[0;32mI (158) esp_image: segment 1: paddr=00036800 vaddr=3ffb0000 size=03f34h ( 16180) load[0m
[0;32mI (164) esp_image: segment 2: paddr=0003a73c vaddr=40080000 size=058dch ( 22748) load[0m
[0;32mI (173) esp_image: segment 3: paddr=00040020 vaddr=400d0020 size=a2b08h (666376) map[0m
[0;32mI (402) esp_image: segment 4: paddr=000e2b30 vaddr=400858dc size=12e3ch ( 77372) load[0m
[0;32mI (445) boot: Loaded app from partition at offset 0x10000[0m
[0;32mI (445) boot: Disabling RNG early entropy source...[0m
[0;32mI (457) cpu_start: Multicore app[0m
[0;32mI (465) cpu_start: Pro cpu start user code[0m
[0;32mI (465) cpu_start: cpu freq: 160000000 Hz[0m
[0;32mI (465) app_init: Application information:[0m
[0;32mI (468) app_init: Project name:     MQTT_DEV[0m
[0;32mI (473) app_init: App version:      1[0m
[0;32mI (477) app_init: Compile time:     Sep 18 2024 11:44:06[0m
[0;32mI (483) app_init: ELF file SHA256:  fabf448f4...[0m
[0;32mI (489) app_init: ESP-IDF:          v5.3[0m
[0;32mI (493) efuse_init: Min chip rev:     v0.0[0m
[0;32mI (498) efuse_init: Max chip rev:     v3.99 [0m
[0;32mI (503) efuse_init: Chip rev:         v3.1[0m
[0;32mI (508) heap_init: Initializing. RAM available for dynamic allocation:[0m
[0;32mI (515) heap_init: At 3FFAE6E0 len 00001920 (6 KiB): DRAM[0m
[0;32mI (521) heap_init: At 3FFB87E8 len 00027818 (158 KiB): DRAM[0m
[0;32mI (527) heap_init: At 3FFE0440 len 00003AE0 (14 KiB): D/IRAM[0m
[0;32mI (534) heap_init: At 3FFE4350 len 0001BCB0 (111 KiB): D/IRAM[0m
[0;32mI (540) heap_init: At 40098718 len 000078E8 (30 KiB): IRAM[0m
[0;32mI (548) spi_flash: detected chip: generic[0m
[0;32mI (551) spi_flash: flash io: dio[0m
[0;33mW (555) i2c: This driver is an old driver, please migrate your application code to adapt `driver/i2c_master.h`[0m
[0;32mI (566) main_task: Started on CPU0[0m
[0;32mI (576) main_task: Calling app_main()[0m
I (606) wifi:wifi driver task: 3ffc06f0, prio:23, stack:6656, core=0
I (616) wifi:wifi firmware version: 0caa81945
I (616) wifi:wifi certification version: v7.0
I (616) wifi:config NVS flash: enabled
I (616) wifi:config nano formating: disabled
I (616) wifi:Init data frame dynamic rx buffer num: 32
I (626) wifi:Init static rx mgmt buffer num: 5
I (626) wifi:Init management short buffer num: 32
I (636) wifi:Init dynamic tx buffer num: 32
I (636) wifi:Init static rx buffer size: 1600
I (646) wifi:Init static rx buffer num: 10
I (646) wifi:Init dynamic rx buffer num: 32
[0;32mI (646) wifi_init: rx ba win: 6[0m
[0;32mI (656) wifi_init: accept mbox: 6[0m
[0;32mI (656) wifi_init: tcpip mbox: 32[0m
[0;32mI (656) wifi_init: udp mbox: 6[0m
[0;32mI (666) wifi_init: tcp mbox: 6[0m
[0;32mI (666) wifi_init: tcp tx win: 5760[0m
[0;32mI (676) wifi_init: tcp rx win: 5760[0m
[0;32mI (676) wifi_init: tcp mss: 1440[0m
[0;32mI (676) wifi_init: WiFi IRAM OP enabled[0m
[0;32mI (686) wifi_init: WiFi RX IRAM OP enabled[0m
[0;32mI (696) phy_init: phy_version 4830,54550f7,Jun 20 2024,14:22:08[0m
I (776) wifi:mode : sta (b0:a7:32:2b:8e:84)
I (776) wifi:enable tsf
Guru Meditation Error: Core  0 panic'ed (LoadProhibited). Exception was unhandled.

Core  0 register dump:
PC      : 0x400d94b0  PS      : 0x00060c30  A0      : 0x800d964e  A1      : 0x3ffba960  
A2      : 0x00000000  A3      : 0x00000075  A4      : 0x3ffba9a0  A5      : 0x00000001  
A6      : 0x00000000  A7      : 0x3ffc645c  A8      : 0x800d949c  A9      : 0x3ffba920  
A10     : 0x00000000  A11     : 0xffffffff  A12     : 0x00000001  A13     : 0x3ffbe5fc  
A14     : 0x401706b8  A15     : 0x3ffbe2b8  SAR     : 0x00000020  EXCCAUSE: 0x0000001c  
EXCVADDR: 0x00000008  LBEG    : 0x4000c2e0  LEND    : 0x4000c2f6  LCOUNT  : 0x00000000  


Backtrace: 0x400d94ad:0x3ffba960 0x400d964b:0x3ffba980 0x400d912f:0x3ffba9a0 0x400d91eb:0x3ffba9d0 0x40170a9f:0x3ffbaae0 0x4008b13d:0x3ffbab10




ELF file SHA256: fabf448f4

Rebooting...
ets Jul 29 2019 12:21:46

rst:0xc (SW_CPU_RESET),boot:0x17 (SPI_FAST_FLASH_BOOT)
configsip: 0, SPIWP:0xee
clk_drv:0x00,q_drv:0x00,d_drv:0x00,cs0_drv:0x00,hd_drv:0x00,wp_drv:0x00
mode:DIO, clock div:2
load:0x3fff0030,len:7176
load:0x40078000,len:15564
ho 0 tail 12 room 4
load:0x40080400,len:4
load:0x40080404,len:3904
entry 0x40080640
[0;32mI (31) boot: ESP-IDF v5.3 2nd stage bootloader[0m
[0;32mI (31) boot: compile time Sep 18 2024 11:44:26[0m
[0;32mI (31) boot: Multicore bootloader[0m
[0;32mI (35) boot: chip revision: v3.1[0m
[0;32mI (39) boot.esp32: SPI Speed      : 40MHz[0m
[0;32mI (44) boot.esp32: SPI Mode       : DIO[0m
[0;32mI (48) boot.esp32: SPI Flash Size : 4MB[0m
[0;32mI (53) boot: Enabling RNG early entropy source...[0m
[0;32mI (58) boot: Partition Table:[0m
[0;32mI (62) boot: ## Label            Usage          Type ST Offset   Length[0m
[0;32mI (69) boot:  0 nvs              WiFi data        01 02 00009000 00006000[0m
[0;32mI (76) boot:  1 phy_init         RF data          01 01 0000f000 00001000[0m
[0;32mI (84) boot:  2 factory          factory app      00 00 00010000 00100000[0m
[0;32mI (91) boot: End of partition table[0m
[0;32mI (96) esp_image: segment 0: paddr=00010020 vaddr=3f400020 size=267d8h (157656) map[0m
[0;32mI (158) esp_image: segment 1: paddr=00036800 vaddr=3ffb0000 size=03f34h ( 16180) load[0m
[0;32mI (164) esp_image: segment 2: paddr=0003a73c vaddr=40080000 size=058dch ( 22748) load[0m
[0;32mI (173) esp_image: segment 3: paddr=00040020 vaddr=400d0020 size=a2b08h (666376) map[0m
[0;32mI (402) esp_image: segment 4: paddr=000e2b30 vaddr=400858dc size=12e3ch ( 77372) load[0m
[0;32mI (445) boot: Loaded app from partition at offset 0x10000[0m
[0;32mI (445) boot: Disabling RNG early entropy source...[0m
[0;32mI (457) cpu_start: Multicore app[0m
[0;32mI (465) cpu_start: Pro cpu start user code[0m
[0;32mI (465) cpu_start: cpu freq: 160000000 Hz[0m
[0;32mI (465) app_init: Application information:[0m
[0;32mI (468) app_init: Project name:     MQTT_DEV[0m
[0;32mI (473) app_init: App version:      1[0m
[0;32mI (477) app_init: Compile time:     Sep 18 2024 11:44:06[0m
[0;32mI (483) app_init: ELF file SHA256:  fabf448f4...[0m
[0;32mI (489) app_init: ESP-IDF:          v5.3[0m
[0;32mI (493) efuse_init: Min chip rev:     v0.0[0m
[0;32mI (498) efuse_init: Max chip rev:     v3.99 [0m
[0;32mI (503) efuse_init: Chip rev:         v3.1[0m
[0;32mI (508) heap_init: Initializing. RAM available for dynamic allocation:[0m
[0;32mI (515) heap_init: At 3FFAE6E0 len 00001920 (6 KiB): DRAM[0m
[0;32mI (521) heap_init: At 3FFB87E8 len 00027818 (158 KiB): DRAM[0m
[0;32mI (527) heap_init: At 3FFE0440 len 00003AE0 (14 KiB): D/IRAM[0m
[0;32mI (534) heap_init: At 3FFE4350 len 0001BCB0 (111 KiB): D/IRAM[0m
[0;32mI (540) heap_init: At 40098718 len 000078E8 (30 KiB): IRAM[0m
[0;32mI (548) spi_flash: detected chip: generic[0m
[0;32mI (551) spi_flash: flash io: dio[0m
[0;33mW (555) i2c: This driver is an old driver, please migrate your application code to adapt `driver/i2c_master.h`[0m
[0;32mI (566) main_task: Started on CPU0[0m
[0;32mI (576) main_task: Calling app_main()[0m
I (606) wifi:wifi driver task: 3ffc06f0, prio:23, stack:6656, core=0
I (616) wifi:wifi firmware version: 0caa81945
I (616) wifi:wifi certification version: v7.0
I (616) wifi:config NVS flash: enabled
I (616) wifi:config nano formating: disabled
I (616) wifi:Init data frame dynamic rx buffer num: 32
I (626) wifi:Init static rx mgmt buffer num: 5
I (626) wifi:Init management short buffer num: 32
I (636) wifi:Init dynamic tx buffer num: 32
I (636) wifi:Init static rx buffer size: 1600
I (646) wifi:Init static rx buffer num: 10
I (646) wifi:Init dynamic rx buffer num: 32
[0;32mI (646) wifi_init: rx ba win: 6[0m
[0;32mI (656) wifi_init: accept mbox: 6[0m
[0;32mI (656) wifi_init: tcpip mbox: 32[0m
[0;32mI (656) wifi_init: udp mbox: 6[0m
[0;32mI (666) wifi_init: tcp mbox: 6[0m
[0;32mI (666) wifi_init: tcp tx win: 5760[0m
[0;32mI (676) wifi_init: tcp rx win: 5760[0m
[0;32mI (676) wifi_init: tcp mss: 1440[0m
[0;32mI (676) wifi_init: WiFi IRAM OP enabled[0m
[0;32mI (686) wifi_init: WiFi RX IRAM OP enabled[0m
[0;32mI (696) phy_init: phy_version 4830,54550f7,Jun 20 2024,14:22:08[0m
I (776) wifi:mode : sta (b0:a7:32:2b:8e:84)
I (776) wifi:enable tsf
Guru Meditation Error: Core  0 panic'ed (LoadProhibited). Exception was unhandled.

Core  0 register dump:
PC      : 0x400d94b0  PS      : 0x00060c30  A0      : 0x800d964e  A1      : 0x3ffba960  
A2      : 0x00000000  A3      : 0x00000075  A4      : 0x3ffba9a0  A5      : 0x00000001  
A6      : 0x00000000  A7      : 0x3ffc645c  A8      : 0x800d949c  A9      : 0x3ffba920  
A10     : 0x00000000  A11     : 0xffffffff  A12     : 0x00000001  A13     : 0x3ffbe5fc  
A14     : 0x401706b8  A15     : 0x3ffbe2b8  SAR     : 0x00000020  EXCCAUSE: 0x0000001c  
EXCVADDR: 0x00000008  LBEG    : 0x4000c2e0  LEND    : 0x4000c2f6  LCOUNT  : 0x00000000  


Backtrace: 0x400d94ad:0x3ffba960 0x400d964b:0x3ffba980 0x400d912f:0x3ffba9a0 0x400d91eb:0x3ffba9d0 0x40170a9f:0x3ffbaae0 0x4008b13d:0x3ffbab10




ELF file SHA256: fabf448f4

Rebooting...
ets Jul 29 2019 12:21:46

rst:0xc (SW_CPU_RESET),boot:0x17 (SPI_FAST_FLASH_BOOT)
configsip: 0, SPIWP:0xee
clk_drv:0x00,q_drv:0x00,d_drv:0x00,cs0_drv:0x00,hd_drv:0x00,wp_drv:0x00
mode:DIO, clock div:2
load:0x3fff0030,len:7176
load:0x40078000,len:15564
ho 0 tail 12 room 4
load:0x40080400,len:4
load:0x40080404,len:3904
entry 0x40080640
[0;32mI (31) boot: ESP-IDF v5.3 2nd stage bootloader[0m
[0;32mI (31) boot: compile time Sep 18 2024 11:44:26[0m
[0;32mI (31) boot: Multicore bootloader[0m
[0;32mI (35) boot: chip revision: v3.1[0m
[0;32mI (39) boot.esp32: SPI Speed      : 40MHz[0m
[0;32mI (44) boot.esp32: SPI Mode       : DIO[0m
[0;32mI (48) boot.esp32: SPI Flash Size : 4MB[0m
[0;32mI (53) boot: Enabling RNG early entropy source...[0m
[0;32mI (58) boot: Partition Table:[0m
[0;32mI (62) boot: ## Label            Usage          Type ST Offset   Length[0m
[0;32mI (69) boot:  0 nvs              WiFi data        01 02 00009000 00006000[0m
[0;32mI (76) boot:  1 phy_init         RF data          01 01 0000f000 00001000[0m
[0;32mI (84) boot:  2 factory          factory app      00 00 00010000 00100000[0m
[0;32mI (91) boot: End of partition table[0m
[0;32mI (96) esp_image: segment 0: paddr=00010020 vaddr=3f400020 size=267d8h (157656) map[0m
[0;32mI (158) esp_image: segment 1: paddr=00036800 vaddr=3ffb0000 size=03f34h ( 16180) load[0m
[0;32mI (164) esp_image: segment 2: paddr=0003a73c vaddr=40080000 size=058dch ( 22748) load[0m
[0;32mI (173) esp_image: segment 3: paddr=00040020 vaddr=400d0020 size=a2b08h (666376) map[0m
[0;32mI (402) esp_image: segment 4: paddr=000e2b30 vaddr=400858dc size=12e3ch ( 77372) load[0m
[0;32mI (445) boot: Loaded app from partition at offset 0x10000[0m
[0;32mI (445) boot: Disabling RNG early entropy source...[0m
[0;32mI (457) cpu_start: Multicore app[0m
[0;32mI (465) cpu_start: Pro cpu start user code[0m
[0;32mI (465) cpu_start: cpu freq: 160000000 Hz[0m
[0;32mI (465) app_init: Application information:[0m
[0;32mI (468) app_init: Project name:     MQTT_DEV[0m
[0;32mI (473) app_init: App version:      1[0m
[0;32mI (477) app_init: Compile time:     Sep 18 2024 11:44:06[0m
[0;32mI (483) app_init: ELF file SHA256:  fabf448f4...[0m
[0;32mI (489) app_init: ESP-IDF:          v5.3[0m
[0;32mI (493) efuse_init: Min chip rev:     v0.0[0m
[0;32mI (498) efuse_init: Max chip rev:     v3.99 [0m
[0;32mI (503) efuse_init: Chip rev:         v3.1[0m
[0;32mI (508) heap_init: Initializing. RAM available for dynamic allocation:[0m
[0;32mI (515) heap_init: At 3FFAE6E0 len 00001920 (6 KiB): DRAM[0m
[0;32mI (521) heap_init: At 3FFB87E8 len 00027818 (158 KiB): DRAM[0m
[0;32mI (527) heap_init: At 3FFE0440 len 00003AE0 (14 KiB): D/IRAM[0m
[0;32mI (534) heap_init: At 3FFE4350 len 0001BCB0 (111 KiB): D/IRAM[0m
[0;32mI (540) heap_init: At 40098718 len 000078E8 (30 KiB): IRAM[0m
[0;32mI (548) spi_flash: detected chip: generic[0m
[0;32mI (551) spi_flash: flash io: dio[0m
[0;33mW (555) i2c: This driver is an old driver, please migrate your application code to adapt `driver/i2c_master.h`[0m
[0;32mI (566) main_task: Started on CPU0[0m
[0;32mI (576) main_task: Calling app_main()[0m
I (606) wifi:wifi driver task: 3ffc06f0, prio:23, stack:6656, core=0
I (616) wifi:wifi firmware version: 0caa81945
I (616) wifi:wifi certification version: v7.0
I (616) wifi:config NVS flash: enabled
I (616) wifi:config nano formating: disabled
I (616) wifi:Init data frame dynamic rx buffer num: 32
I (626) wifi:Init static rx mgmt buffer num: 5
I (626) wifi:Init management short buffer num: 32
I (636) wifi:Init dynamic tx buffer num: 32
I (636) wifi:Init static rx buffer size: 1600
I (646) wifi:Init static rx buffer num: 10
I (646) wifi:Init dynamic rx buffer num: 32
[0;32mI (646) wifi_init: rx ba win: 6[0m
[0;32mI (656) wifi_init: accept mbox: 6[0m
[0;32mI (656) wifi_init: tcpip mbox: 32[0m
[0;32mI (656) wifi_init: udp mbox: 6[0m
[0;32mI (666) wifi_init: tcp mbox: 6[0m
[0;32mI (666) wifi_init: tcp tx win: 5760[0m
[0;32mI (676) wifi_init: tcp rx win: 5760[0m
[0;32mI (676) wifi_init: tcp mss: 1440[0m
[0;32mI (676) wifi_init: WiFi IRAM OP enabled[0m
[0;32mI (686) wifi_init: WiFi RX IRAM OP enabled[0m
[0;32mI (696) phy_init: phy_version 4830,54550f7,Jun 20 2024,14:22:08[0m
I (776) wifi:mode : sta (b0:a7:32:2b:8e:84)
I (776) wifi:enable tsf
Guru Meditation Error: Core  0 panic'ed (LoadProhibited). Exception was unhandled.

Core  0 register dump:
PC      : 0x400d94b0  PS      : 0x00060c30  A0      : 0x800d964e  A1      : 0x3ffba960  
A2      : 0x00000000  A3      : 0x00000075  A4      : 0x3ffba9a0  A5      : 0x00000001  
A6      : 0x00000000  A7      : 0x3ffc645c  A8      : 0x800d949c  A9      : 0x3ffba920  
A10     : 0x00000000  A11     : 0xffffffff  A12     : 0x00000001  A13     : 0x3ffbe5fc  
A14     : 0x401706b8  A15     : 0x3ffbe2b8  SAR     : 0x00000020  EXCCAUSE: 0x0000001c  
EXCVADDR: 0x00000008  LBEG    : 0x4000c2e0  LEND    : 0x4000c2f6  LCOUNT  : 0x00000000  


Backtrace: 0x400d94ad:0x3ffba960 0x400d964b:0x3ffba980 0x400d912f:0x3ffba9a0 0x400d91eb:0x3ffba9d0 0x40170a9f:0x3ffbaae0 0x4008b13d:0x3ffbab10




ELF file SHA256: fabf448f4

Rebooting...
ets Jul 29 2019 12:21:46

rst:0xc (SW_CPU_RESET),boot:0x17 (SPI_FAST_FLASH_BOOT)
configsip: 0, SPIWP:0xee
clk_drv:0x00,q_drv:0x00,d_drv:0x00,cs0_drv:0x00,hd_drv:0x00,wp_drv:0x00
mode:DIO, clock div:2
load:0x3fff0030,len:7176
load:0x40078000,len:15564
ho 0 tail 12 room 4
load:0x40080400,len:4
load:0x40080404,len:3904
entry 0x40080640
[0;32mI (31) boot: ESP-IDF v5.3 2nd stage bootloader[0m
[0;32mI (31) boot: compile time Sep 18 2024 11:44:26[0m
[0;32mI (31) boot: Multicore bootloader[0m
[0;32mI (35) boot: chip revision: v3.1[0m
[0;32mI (39) boot.esp32: SPI Speed      : 40MHz[0m
[0;32mI (44) boot.esp32: SPI Mode       : DIO[0m
[0;32mI (48) boot.esp32: SPI Flash Size : 4MB[0m
[0;32mI (53) boot: Enabling RNG early entropy source...[0m
[0;32mI (58) boot: Partition Table:[0m
[0;32mI (62) boot: ## Label            Usage          Type ST Offset   Length[0m
[0;32mI (69) boot:  0 nvs              WiFi data        01 02 00009000 00006000[0m
[0;32mI (76) boot:  1 phy_init         RF data          01 01 0000f000 00001000[0m
[0;32mI (84) boot:  2 factory          factory app      00 00 00010000 00100000[0m
[0;32mI (91) boot: End of partition table[0m
[0;32mI (96) esp_image: segment 0: paddr=00010020 vaddr=3f400020 size=267d8h (157656) map[0m
[0;32mI (158) esp_image: segment 1: paddr=00036800 vaddr=3ffb0000 size=03f34h ( 16180) load[0m
[0;32mI (164) esp_image: segment 2: paddr=0003a73c vaddr=40080000 size=058dch ( 22748) load[0m
[0;32mI (173) esp_image: segment 3: paddr=00040020 vaddr=400d0020 size=a2b08h (666376) map[0m
[0;32mI (402) esp_image: segment 4: paddr=000e2b30 vaddr=400858dc size=12e3ch ( 77372) load[0m
[0;32mI (445) boot: Loaded app from partition at offset 0x10000[0m
[0;32mI (445) boot: Disabling RNG early entropy source...[0m
[0;32mI (457) cpu_start: Multicore app[0m
[0;32mI (465) cpu_start: Pro cpu start user code[0m
[0;32mI (465) cpu_start: cpu freq: 160000000 Hz[0m
[0;32mI (465) app_init: Application information:[0m
[0;32mI (468) app_init: Project name:     MQTT_DEV[0m
[0;32mI (473) app_init: App version:      1[0m
[0;32mI (477) app_init: Compile time:     Sep 18 2024 11:44:06[0m
[0;32mI (483) app_init: ELF file SHA256:  fabf448f4...[0m
[0;32mI (489) app_init: ESP-IDF:          v5.3[0m
[0;32mI (493) efuse_init: Min chip rev:     v0.0[0m
[0;32mI (498) efuse_init: Max chip rev:     v3.99 [0m
[0;32mI (503) efuse_init: Chip rev:         v3.1[0m
[0;32mI (508) heap_init: Initializing. RAM available for dynamic allocation:[0m
[0;32mI (515) heap_init: At 3FFAE6E0 len 00001920 (6 KiB): DRAM[0m
[0;32mI (521) heap_init: At 3FFB87E8 len 00027818 (158 KiB): DRAM[0m
[0;32mI (527) heap_init: At 3FFE0440 len 00003AE0 (14 KiB): D/IRAM[0m
[0;32mI (534) heap_init: At 3FFE4350 len 0001BCB0 (111 KiB): D/IRAM[0m
[0;32mI (540) heap_init: At 40098718 len 000078E8 (30 KiB): IRAM[0m
[0;32mI (548) spi_flash: detected chip: generic[0m
[0;32mI (551) spi_flash: flash io: dio[0m
[0;33mW (555) i2c: This driver is an old driver, please migrate your application code to adapt `driver/i2c_master.h`[0m
[0;32mI (566) main_task: Started on CPU0[0m
[0;32mI (576) main_task: Calling app_main()[0m
I (606) wifi:wifi driver task: 3ffc06f0, prio:23, stack:6656, core=0
I (616) wifi:wifi firmware version: 0caa81945
I (616) wifi:wifi certification version: v7.0
I (616) wifi:config NVS flash: enabled
I (616) wifi:config nano formating: disabled
I (616) wifi:Init data frame dynamic rx buffer num: 32
I (626) wifi:Init static rx mgmt buffer num: 5
I (626) wifi:Init management short buffer num: 32
I (636) wifi:Init dynamic tx buffer num: 32
I (636) wifi:Init static rx buffer size: 1600
I (646) wifi:Init static rx buffer num: 10
I (646) wifi:Init dynamic rx buffer num: 32
[0;32mI (646) wifi_init: rx ba win: 6[0m
[0;32mI (656) wifi_init: accept mbox: 6[0m
[0;32mI (656) wifi_init: tcpip mbox: 32[0m
[0;32mI (656) wifi_init: udp mbox: 6[0m
[0;32mI (666) wifi_init: tcp mbox: 6[0m
[0;32mI (666) wifi_init: tcp tx win: 5760[0m
[0;32mI (676) wifi_init: tcp rx win: 5760[0m
[0;32mI (676) wifi_init: tcp mss: 1440[0m
[0;32mI (676) wifi_init: WiFi IRAM OP enabled[0m
[0;32mI (686) wifi_init: WiFi RX IRAM OP enabled[0m
[0;32mI (696) phy_init: phy_version 4830,54550f7,Jun 20 2024,14:22:08[0m
I (776) wifi:mode : sta (b0:a7:32:2b:8e:84)
I (786) wifi:enable tsf
Guru Meditation Error: Core  0 panic'ed (LoadProhibited). Exception was unhandled.

Core  0 register dump:
PC      : 0x400d94b0  PS      : 0x00060c30  A0      : 0x800d964e  A1      : 0x3ffba960  
A2      : 0x00000000  A3      : 0x00000075  A4      : 0x3ffba9a0  A5      : 0x00000001  
A6      : 0x00000000  A7      : 0x3ffc645c  A8      : 0x800d949c  A9      : 0x3ffba920  
A10     : 0x00000000  A11     : 0xffffffff  A12     : 0x00000001  A13     : 0x3ffbe5fc  
A14     : 0x401706b8  A15     : 0x3ffbe2b8  SAR     : 0x00000020  EXCCAUSE: 0x0000001c  
EXCVADDR: 0x00000008  LBEG    : 0x4000c2e0  LEND    : 0x4000c2f6  LCOUNT  : 0x00000000  


Backtrace: 0x400d94ad:0x3ffba960 0x400d964b:0x3ffba980 0x400d912f:0x3ffba9a0 0x400d91eb:0x3ffba9d0 0x40170a9f:0x3ffbaae0 0x4008b13d:0x3ffbab10




ELF file SHA256: fabf448f4

Rebooting...
ets Jul 29 2019 12:21:46

rst:0xc (SW_CPU_RESET),boot:0x17 (SPI_FAST_FLASH_BOOT)
configsip: 0, SPIWP:0xee
clk_drv:0x00,q_drv:0x00,d_drv:0x00,cs0_drv:0x00,hd_drv:0x00,wp_drv:0x00
mode:DIO, clock div:2
load:0x3fff0030,len:7176
load:0x40078000,len:15564
ho 0 tail 12 room 4
load:0x40080400,len:4
load:0x40080404,len:3904
entry 0x40080640
[0;32mI (31) boot: ESP-IDF v5.3 2nd stage bootloader[0m
[0;32mI (31) boot: compile time Sep 18 2024 11:44:26[0m
[0;32mI (31) boot: Multicore bootloader[0m
[0;32mI (35) boot: chip revision: v3.1[0m
[0;32mI (39) boot.esp32: SPI Speed      : 40MHz[0m
[0;32mI (44) boot.esp32: SPI Mode       : DIO[0m
[0;32mI (48) boot.esp32: SPI Flash Size : 4MB[0m
[0;32mI (53) boot: Enabling RNG early entropy source...[0m
[0;32mI (58) boot: Partition Table:[0m
[0;32mI (62) boot: ## Label            Usage          Type ST Offset   Length[0m
[0;32mI (69) boot:  0 nvs              WiFi data        01 02 00009000 00006000[0m
[0;32mI (76) boot:  1 phy_init         RF data          01 01 0000f000 00001000[0m
[0;32mI (84) boot:  2 factory          factory app      00 00 00010000 00100000[0m
[0;32mI (91) boot: End of partition table[0m
[0;32mI (96) esp_image: segment 0: paddr=00010020 vaddr=3f400020 size=267d8h (157656) map[0m
[0;32mI (158) esp_image: segment 1: paddr=00036800 vaddr=3ffb0000 size=03f34h ( 16180) load[0m
[0;32mI (164) esp_image: segment 2: paddr=0003a73c vaddr=40080000 size=058dch ( 22748) load[0m
[0;32mI (173) esp_image: segment 3: paddr=00040020 vaddr=400d0020 size=a2b08h (666376) map[0m
[0;32mI (402) esp_image: segment 4: paddr=000e2b30 vaddr=400858dc size=12e3ch ( 77372) load[0m
[0;32mI (445) boot: Loaded app from partition at offset 0x10000[0m
[0;32mI (445) boot: Disabling RNG early entropy source...[0m
[0;32mI (457) cpu_start: Multicore app[0m
[0;32mI (465) cpu_start: Pro cpu start user code[0m
[0;32mI (465) cpu_start: cpu freq: 160000000 Hz[0m
[0;32mI (465) app_init: Application information:[0m
[0;32mI (468) app_init: Project name:     MQTT_DEV[0m
[0;32mI (473) app_init: App version:      1[0m
[0;32mI (477) app_init: Compile time:     Sep 18 2024 11:44:06[0m
[0;32mI (483) app_init: ELF file SHA256:  fabf448f4...[0m
[0;32mI (489) app_init: ESP-IDF:          v5.3[0m
[0;32mI (493) efuse_init: Min chip rev:     v0.0[0m
[0;32mI (498) efuse_init: Max chip rev:     v3.99 [0m
[0;32mI (503) efuse_init: Chip rev:         v3.1[0m
[0;32mI (508) heap_init: Initializing. RAM available for dynamic allocation:[0m
[0;32mI (515) heap_init: At 3FFAE6E0 len 00001920 (6 KiB): DRAM[0m
[0;32mI (521) heap_init: At 3FFB87E8 len 00027818 (158 KiB): DRAM[0m
[0;32mI (527) heap_init: At 3FFE0440 len 00003AE0 (14 KiB): D/IRAM[0m
[0;32mI (534) heap_init: At 3FFE4350 len 0001BCB0 (111 KiB): D/IRAM[0m
[0;32mI (540) heap_init: At 40098718 len 000078E8 (30 KiB): IRAM[0m
[0;32mI (548) spi_flash: detected chip: generic[0m
[0;32mI (551) spi_flash: flash io: dio[0m
[0;33mW (555) i2c: This driver is an old driver, please migrate your application code to adapt `driver/i2c_master.h`[0m
[0;32mI (566) main_task: Started on CPU0[0m
[0;32mI (576) main_task: Calling app_main()[0m
I (606) wifi:wifi driver task: 3ffc06f0, prio:23, stack:6656, core=0
I (616) wifi:wifi firmware version: 0caa81945
I (616) wifi:wifi certification version: v7.0
I (616) wifi:config NVS flash: enabled
I (616) wifi:config nano formating: disabled
I (616) wifi:Init data frame dynamic rx buffer num: 32
I (626) wifi:Init static rx mgmt buffer num: 5
I (626) wifi:Init management short buffer num: 32
I (636) wifi:Init dynamic tx buffer num: 32
I (636) wifi:Init static rx buffer size: 1600
I (646) wifi:Init static rx buffer num: 10
I (646) wifi:Init dynamic rx buffer num: 32
[0;32mI (646) wifi_init: rx ba win: 6[0m
[0;32mI (656) wifi_init: accept mbox: 6[0m
[0;32mI (656) wifi_init: tcpip mbox: 32[0m
[0;32mI (656) wifi_init: udp mbox: 6[0m
[0;32mI (666) wifi_init: tcp mbox: 6[0m
[0;32mI (666) wifi_init: tcp tx win: 5760[0m
[0;32mI (676) wifi_init: tcp rx win: 5760[0m
[0;32mI (676) wifi_init: tcp mss: 1440[0m
[0;32mI (676) wifi_init: WiFi IRAM OP enabled[0m
[0;32mI (686) wifi_init: WiFi RX IRAM OP enabled[0m
[0;32mI (696) phy_init: phy_version 4830,54550f7,Jun 20 2024,14:22:08[0m
I (776) wifi:mode : sta (b0:a7:32:2b:8e:84)
I (776) wifi:enable tsf
Guru Meditation Error: Core  0 panic'ed (LoadProhibited). Exception was unhandled.

Core  0 register dump:
PC      : 0x400d94b0  PS      : 0x00060c30  A0      : 0x800d964e  A1      : 0x3ffba960  
A2      : 0x00000000  A3      : 0x00000075  A4      : 0x3ffba9a0  A5      : 0x00000001  
A6      : 0x00000000  A7      : 0x3ffc645c  A8      : 0x800d949c  A9      : 0x3ffba920  
A10     : 0x00000000  A11     : 0xffffffff  A12     : 0x00000001  A13     : 0x3ffbe5fc  
A14     : 0x401706b8  A15     : 0x3ffbe2b8  SAR     : 0x00000020  EXCCAUSE: 0x0000001c  
EXCVADDR: 0x00000008  LBEG    : 0x4000c2e0  LEND    : 0x4000c2f6  LCOUNT  : 0x00000000  


Backtrace: 0x400d94ad:0x3ffba960 0x400d964b:0x3ffba980 0x400d912f:0x3ffba9a0 0x400d91eb:0x3ffba9d0 0x40170a9f:0x3ffbaae0 0x4008b13d:0x3ffbab10




ELF file SHA256: fabf448f4

Rebooting...
ets Jul 29 2019 12:21:46

rst:0xc (SW_CPU_RESET),boot:0x17 (SPI_FAST_FLASH_BOOT)
configsip: 0, SPIWP:0xee
clk_drv:0x00,q_drv:0x00,d_drv:0x00,cs0_drv:0x00,hd_drv:0x00,wp_drv:0x00
mode:DIO, clock div:2
load:0x3fff0030,len:7176
load:0x40078000,len:15564
ho 0 tail 12 room 4
load:0x40080400,len:4
load:0x40080404,len:3904
entry 0x40080640
[0;32mI (31) boot: ESP-IDF v5.3 2nd stage bootloader[0m
[0;32mI (31) boot: compile time Sep 18 2024 11:44:26[0m
[0;32mI (31) boot: Multicore bootloader[0m
[0;32mI (35) boot: chip revision: v3.1[0m
[0;32mI (39) boot.esp32: SPI Speed      : 40MHz[0m
[0;32mI (44) boot.esp32: SPI Mode       : DIO[0m
[0;32mI (48) boot.esp32: SPI Flash Size : 4MB[0m
[0;32mI (53) boot: Enabling RNG early entropy source...[0m
[0;32mI (58) boot: Partition Table:[0m
[0;32mI (62) boot: ## Label            Usage          Type ST Offset   Length[0m
[0;32mI (69) boot:  0 nvs              WiFi data        01 02 00009000 00006000[0m
[0;32mI (76) boot:  1 phy_init         RF data          01 01 0000f000 00001000[0m
[0;32mI (84) boot:  2 factory          factory app      00 00 00010000 00100000[0m
[0;32mI (91) boot: End of partition table[0m
[0;32mI (96) esp_image: segment 0: paddr=00010020 vaddr=3f400020 size=267d8h (157656) map[0m
[0;32mI (158) esp_image: segment 1: paddr=00036800 vaddr=3ffb0000 size=03f34h ( 16180) load[0m
[0;32mI (164) esp_image: segment 2: paddr=0003a73c vaddr=40080000 size=058dch ( 22748) load[0m
[0;32mI (173) esp_image: segment 3: paddr=00040020 vaddr=400d0020 size=a2b08h (666376) map[0m
[0;32mI (402) esp_image: segment 4: paddr=000e2b30 vaddr=400858dc size=12e3ch ( 77372) load[0m
[0;32mI (445) boot: Loaded app from partition at offset 0x10000[0m
[0;32mI (445) boot: Disabling RNG early entropy source...[0m
[0;32mI (457) cpu_start: Multicore app[0m
[0;32mI (465) cpu_start: Pro cpu start user code[0m
[0;32mI (465) cpu_start: cpu freq: 160000000 Hz[0m
[0;32mI (465) app_init: Application information:[0m
[0;32mI (468) app_init: Project name:     MQTT_DEV[0m
[0;32mI (473) app_init: App version:      1[0m
[0;32mI (477) app_init: Compile time:     Sep 18 2024 11:44:06[0m
[0;32mI (483) app_init: ELF file SHA256:  fabf448f4...[0m
[0;32mI (489) app_init: ESP-IDF:          v5.3[0m
[0;32mI (493) efuse_init: Min chip rev:     v0.0[0m
[0;32mI (498) efuse_init: Max chip rev:     v3.99 [0m
[0;32mI (503) efuse_init: Chip rev:         v3.1[0m
[0;32mI (508) heap_init: Initializing. RAM available for dynamic allocation:[0m
[0;32mI (515) heap_init: At 3FFAE6E0 len 00001920 (6 KiB): DRAM[0m
[0;32mI (521) heap_init: At 3FFB87E8 len 00027818 (158 KiB): DRAM[0m
[0;32mI (527) heap_init: At 3FFE0440 len 00003AE0 (14 KiB): D/IRAM[0m
[0;32mI (534) heap_init: At 3FFE4350 len 0001BCB0 (111 KiB): D/IRAM[0m
[0;32mI (540) heap_init: At 40098718 len 000078E8 (30 KiB): IRAM[0m
[0;32mI (548) spi_flash: detected chip: generic[0m
[0;32mI (551) spi_flash: flash io: dio[0m
[0;33mW (555) i2c: This driver is an old driver, please migrate your application code to adapt `driver/i2c_master.h`[0m
[0;32mI (566) main_task: Started on CPU0[0m
[0;32mI (576) main_task: Calling app_main()[0m
I (606) wifi:wifi driver task: 3ffc06f0, prio:23, stack:6656, core=0
I (616) wifi:wifi firmware version: 0caa81945
I (616) wifi:wifi certification version: v7.0
I (616) wifi:config NVS flash: enabled
I (616) wifi:config nano formating: disabled
I (616) wifi:Init data frame dynamic rx buffer num: 32
I (626) wifi:Init static rx mgmt buffer num: 5
I (626) wifi:Init management short buffer num: 32
I (636) wifi:Init dynamic tx buffer num: 32
I (636) wifi:Init static rx buffer size: 1600
I (646) wifi:Init static rx buffer num: 10
I (646) wifi:Init dynamic rx buffer num: 32
[0;32mI (646) wifi_init: rx ba win: 6[0m
[0;32mI (656) wifi_init: accept mbox: 6[0m
[0;32mI (656) wifi_init: tcpip mbox: 32[0m
[0;32mI (656) wifi_init: udp mbox: 6[0m
[0;32mI (666) wifi_init: tcp mbox: 6[0m
[0;32mI (666) wifi_init: tcp tx win: 5760[0m
[0;32mI (676) wifi_init: tcp rx win: 5760[0m
[0;32mI (676) wifi_init: tcp mss: 1440[0m
[0;32mI (676) wifi_init: WiFi IRAM OP enabled[0m
[0;32mI (686) wifi_init: WiFi RX IRAM OP enabled[0m
[0;32mI (696) phy_init: phy_version 4830,54550f7,Jun 20 2024,14:22:08[0m
I (776) wifi:mode : sta (b0:a7:32:2b:8e:84)
I (776) wifi:enable tsf
Guru Meditation Error: Core  0 panic'ed (LoadProhibited). Exception was unhandled.

Core  0 register dump:
PC      : 0x400d94b0  PS      : 0x00060c30  A0      : 0x800d964e  A1      : 0x3ffba960  
A2      : 0x00000000  A3      : 0x00000075  A4      : 0x3ffba9a0  A5      : 0x00000001  
A6      : 0x00000000  A7      : 0x3ffc645c  A8      : 0x800d949c  A9      : 0x3ffba920  
A10     : 0x00000000  A11     : 0xffffffff  A12     : 0x00000001  A13     : 0x3ffbe5fc  
A14     : 0x401706b8  A15     : 0x3ffbe2b8  SAR     : 0x00000020  EXCCAUSE: 0x0000001c  
EXCVADDR: 0x00000008  LBEG    : 0x4000c2e0  LEND    : 0x4000c2f6  LCOUNT  : 0x00000000  


Backtrace: 0x400d94ad:0x3ffba960 0x400d964b:0x3ffba980 0x400d912f:0x3ffba9a0 0x400d91eb:0x3ffba9d0 0x40170a9f:0x3ffbaae0 0x4008b13d:0x3ffbab10




ELF file SHA256: fabf448f4

Rebooting...
ets Jul 29 2019 12:21:46

rst:0xc (SW_CPU_RESET),boot:0x17 (SPI_FAST_FLASH_BOOT)
configsip: 0, SPIWP:0xee
clk_drv:0x00,q_drv:0x00,d_drv:0x00,cs0_drv:0x00,hd_drv:0x00,wp_drv:0x00
mode:DIO, clock div:2
load:0x3fff0030,len:7176
load:0x40078000,len:15564
ho 0 tail 12 room 4
load:0x40080400,len:4
load:0x40080404,len:3904
entry 0x40080640
[0;32mI (31) boot: ESP-IDF v5.3 2nd stage bootloader[0m
[0;32mI (31) boot: compile time Sep 18 2024 11:44:26[0m
[0;32mI (31) boot: Multicore bootloader[0m
[0;32mI (35) boot: chip revision: v3.1[0m
[0;32mI (39) boot.esp32: SPI Speed      : 40MHz[0m
[0;32mI (44) boot.esp32: SPI Mode       : DIO[0m
[0;32mI (48) boot.esp32: SPI Flash Size : 4MB[0m
[0;32mI (53) boot: Enabling RNG early entropy source...[0m
[0;32mI (58) boot: Partition Table:[0m
[0;32mI (62) boot: ## Label            Usage          Type ST Offset   Length[0m
[0;32mI (69) boot:  0 nvs              WiFi data        01 02 00009000 00006000[0m
[0;32mI (76) boot:  1 phy_init         RF data          01 01 0000f000 00001000[0m
[0;32mI (84) boot:  2 factory          factory app      00 00 00010000 00100000[0m
[0;32mI (91) boot: End of partition table[0m
[0;32mI (96) esp_image: segment 0: paddr=00010020 vaddr=3f400020 size=267d8h (157656) map[0m
[0;32mI (158) esp_image: segment 1: paddr=00036800 vaddr=3ffb0000 size=03f34h ( 16180) load[0m
[0;32mI (164) esp_image: segment 2: paddr=0003a73c vaddr=40080000 size=058dch ( 22748) load[0m
[0;32mI (173) esp_image: segment 3: paddr=00040020 vaddr=400d0020 size=a2b08h (666376) map[0m
[0;32mI (402) esp_image: segment 4: paddr=000e2b30 vaddr=400858dc size=12e3ch ( 77372) load[0m
[0;32mI (445) boot: Loaded app from partition at offset 0x10000[0m
[0;32mI (445) boot: Disabling RNG early entropy source...[0m
[0;32mI (457) cpu_start: Multicore app[0m
[0;32mI (465) cpu_start: Pro cpu start user code[0m
[0;32mI (465) cpu_start: cpu freq: 160000000 Hz[0m
[0;32mI (465) app_init: Application information:[0m
[0;32mI (468) app_init: Project name:     MQTT_DEV[0m
[0;32mI (473) app_init: App version:      1[0m
[0;32mI (477) app_init: Compile time:     Sep 18 2024 11:44:06[0m
[0;32mI (483) app_init: ELF file SHA256:  fabf448f4...[0m
[0;32mI (489) app_init: ESP-IDF:          v5.3[0m
[0;32mI (493) efuse_init: Min chip rev:     v0.0[0m
[0;32mI (498) efuse_init: Max chip rev:     v3.99 [0m
[0;32mI (503) efuse_init: Chip rev:         v3.1[0m
[0;32mI (508) heap_init: Initializing. RAM available for dynamic allocation:[0m
[0;32mI (515) heap_init: At 3FFAE6E0 len 00001920 (6 KiB): DRAM[0m
[0;32mI (521) heap_init: At 3FFB87E8 len 00027818 (158 KiB): DRAM[0m
[0;32mI (527) heap_init: At 3FFE0440 len 00003AE0 (14 KiB): D/IRAM[0m
[0;32mI (534) heap_init: At 3FFE4350 len 0001BCB0 (111 KiB): D/IRAM[0m
[0;32mI (540) heap_init: At 40098718 len 000078E8 (30 KiB): IRAM[0m
[0;32mI (548) spi_flash: detected chip: generic[0m
[0;32mI (551) spi_flash: flash io: dio[0m
[0;33mW (555) i2c: This driver is an old driver, please migrate your application code to adapt `driver/i2c_master.h`[0m
[0;32mI (566) main_task: Started on CPU0[0m
[0;32mI (576) main_task: Calling app_main()[0m
I (606) wifi:wifi driver task: 3ffc06f0, prio:23, stack:6656, core=0
I (616) wifi:wifi firmware version: 0caa81945
I (616) wifi:wifi certification version: v7.0
I (616) wifi:config NVS flash: enabled
I (616) wifi:config nano formating: disabled
I (616) wifi:Init data frame dynamic rx buffer num: 32
I (626) wifi:Init static rx mgmt buffer num: 5
I (626) wifi:Init management short buffer num: 32
I (636) wifi:Init dynamic tx buffer num: 32
I (636) wifi:Init static rx buffer size: 1600
I (646) wifi:Init static rx buffer num: 10
I (646) wifi:Init dynamic rx buffer num: 32
[0;32mI (646) wifi_init: rx ba win: 6[0m
[0;32mI (656) wifi_init: accept mbox: 6[0m
[0;32mI (656) wifi_init: tcpip mbox: 32[0m
[0;32mI (656) wifi_init: udp mbox: 6[0m
[0;32mI (666) wifi_init: tcp mbox: 6[0m
[0;32mI (666) wifi_init: tcp tx win: 5760[0m
[0;32mI (676) wifi_init: tcp rx win: 5760[0m
[0;32mI (676) wifi_init: tcp mss: 1440[0m
[0;32mI (676) wifi_init: WiFi IRAM OP enabled[0m
[0;32mI (686) wifi_init: WiFi RX IRAM OP enabled[0m
[0;32mI (696) phy_init: phy_version 4830,54550f7,Jun 20 2024,14:22:08[0m
I (776) wifi:mode : sta (b0:a7:32:2b:8e:84)
I (776) wifi:enable tsf
Guru Meditation Error: Core  0 panic'ed (LoadProhibited). Exception was unhandled.

Core  0 register dump:
PC      : 0x400d94b0  PS      : 0x00060c30  A0      : 0x800d964e  A1      : 0x3ffba960  
A2      : 0x00000000  A3      : 0x00000075  A4      : 0x3ffba9a0  A5      : 0x00000001  
A6      : 0x00000000  A7      : 0x3ffc645c  A8      : 0x800d949c  A9      : 0x3ffba920  
A10     : 0x00000000  A11     : 0xffffffff  A12     : 0x00000001  A13     : 0x3ffbe5fc  
A14     : 0x401706b8  A15     : 0x3ffbe2b8  SAR     : 0x00000020  EXCCAUSE: 0x0000001c  
EXCVADDR: 0x00000008  LBEG    : 0x4000c2e0  LEND    : 0x4000c2f6  LCOUNT  : 0x00000000  


Backtrace: 0x400d94ad:0x3ffba960 0x400d964b:0x3ffba980 0x400d912f:0x3ffba9a0 0x400d91eb:0x3ffba9d0 0x40170a9f:0x3ffbaae0 0x4008b13d:0x3ffbab10




ELF file SHA256: fabf448f4

Rebooting...
ets Jul 29 2019 12:21:46

rst:0xc (SW_CPU_RESET),boot:0x17 (SPI_FAST_FLASH_BOOT)
configsip: 0, SPIWP:0xee
clk_drv:0x00,q_drv:0x00,d_drv:0x00,cs0_drv:0x00,hd_drv:0x00,wp_drv:0x00
mode:DIO, clock div:2
load:0x3fff0030,len:7176
load:0x40078000,len:15564
ho 0 tail 12 room 4
load:0x40080400,len:4
load:0x40080404,len:3904
entry 0x40080640
[0;32mI (31) boot: ESP-IDF v5.3 2nd stage bootloader[0m
[0;32mI (31) boot: compile time Sep 18 2024 11:44:26[0m
[0;32mI (31) boot: Multicore bootloader[0m
[0;32mI (35) boot: chip revision: v3.1[0m
[0;32mI (39) boot.esp32: SPI Speed      : 40MHz[0m
[0;32mI (44) boot.esp32: SPI Mode       : DIO[0m
[0;32mI (48) boot.esp32: SPI Flash Size : 4MB[0m
[0;32mI (53) boot: Enabling RNG early entropy source...[0m
[0;32mI (58) boot: Partition Table:[0m
[0;32mI (62) boot: ## Label            Usage          Type ST Offset   Length[0m
[0;32mI (69) boot:  0 nvs              WiFi data        01 02 00009000 00006000[0m
[0;32mI (76) boot:  1 phy_init         RF data          01 01 0000f000 00001000[0m
[0;32mI (84) boot:  2 factory          factory app      00 00 00010000 00100000[0m
[0;32mI (91) boot: End of partition table[0m
[0;32mI (96) esp_image: segment 0: paddr=00010020 vaddr=3f400020 size=267d8h (157656) map[0m
[0;32mI (158) esp_image: segment 1: paddr=00036800 vaddr=3ffb0000 size=03f34h ( 16180) load[0m
[0;32mI (164) esp_image: segment 2: paddr=0003a73c vaddr=40080000 size=058dch ( 22748) load[0m
[0;32mI (173) esp_image: segment 3: paddr=00040020 vaddr=400d0020 size=a2b08h (666376) map[0m
[0;32mI (402) esp_image: segment 4: paddr=000e2b30 vaddr=400858dc size=12e3ch ( 77372) load[0m
[0;32mI (445) boot: Loaded app from partition at offset 0x10000[0m
[0;32mI (445) boot: Disabling RNG early entropy source...[0m
[0;32mI (457) cpu_start: Multicore app[0m
[0;32mI (465) cpu_start: Pro cpu start user code[0m
[0;32mI (465) cpu_start: cpu freq: 160000000 Hz[0m
[0;32mI (465) app_init: Application information:[0m
[0;32mI (468) app_init: Project name:     MQTT_DEV[0m
[0;32mI (473) app_init: App version:      1[0m
[0;32mI (477) app_init: Compile time:     Sep 18 2024 11:44:06[0m
[0;32mI (483) app_init: ELF file SHA256:  fabf448f4...[0m
[0;32mI (489) app_init: ESP-IDF:          v5.3[0m
[0;32mI (493) efuse_init: Min chip rev:     v0.0[0m
[0;32mI (498) efuse_init: Max chip rev:     v3.99 [0m
[0;32mI (503) efuse_init: Chip rev:         v3.1[0m
[0;32mI (508) heap_init: Initializing. RAM available for dynamic allocation:[0m
[0;32mI (515) heap_init: At 3FFAE6E0 len 00001920 (6 KiB): DRAM[0m
[0;32mI (521) heap_init: At 3FFB87E8 len 00027818 (158 KiB): DRAM[0m
[0;32mI (527) heap_init: At 3FFE0440 len 00003AE0 (14 KiB): D/IRAM[0m
[0;32mI (534) heap_init: At 3FFE4350 len 0001BCB0 (111 KiB): D/IRAM[0m
[0;32mI (540) heap_init: At 40098718 len 000078E8 (30 KiB): IRAM[0m
[0;32mI (548) spi_flash: detected chip: generic[0m
[0;32mI (551) spi_flash: flash io: dio[0m
[0;33mW (555) i2c: This driver is an old driver, please migrate your application code to adapt `driver/i2c_master.h`[0m
[0;32mI (566) main_task: Started on CPU0[0m
[0;32mI (576) main_task: Calling app_main()[0m
I (606) wifi:wifi driver task: 3ffc06f0, prio:23, stack:6656, core=0
I (616) wifi:wifi firmware version: 0caa81945
I (616) wifi:wifi certification version: v7.0
I (616) wifi:config NVS flash: enabled
I (616) wifi:config nano formating: disabled
I (616) wifi:Init data frame dynamic rx buffer num: 32
I (626) wifi:Init static rx mgmt buffer num: 5
I (626) wifi:Init management short buffer num: 32
I (636) wifi:Init dynamic tx buffer num: 32
I (636) wifi:Init static rx buffer size: 1600
I (646) wifi:Init static rx buffer num: 10
I (646) wifi:Init dynamic rx buffer num: 32
[0;32mI (646) wifi_init: rx ba win: 6[0m
[0;32mI (656) wifi_init: accept mbox: 6[0m
[0;32mI (656) wifi_init: tcpip mbox: 32[0m
[0;32mI (656) wifi_init: udp mbox: 6[0m
[0;32mI (666) wifi_init: tcp mbox: 6[0m
[0;32mI (666) wifi_init: tcp tx win: 5760[0m
[0;32mI (676) wifi_init: tcp rx win: 5760[0m
[0;32mI (676) wifi_init: tcp mss: 1440[0m
[0;32mI (676) wifi_init: WiFi IRAM OP enabled[0m
[0;32mI (686) wifi_init: WiFi RX IRAM OP enabled[0m
[0;32mI (696) phy_init: phy_version 4830,54550f7,Jun 20 2024,14:22:08[0m
I (776) wifi:mode : sta (b0:a7:32:2b:8e:84)
I (776) wifi:enable tsf
Guru Meditation Error: Core  0 panic'ed (LoadProhibited). Exception was unhandled.

Core  0 register dump:
PC      : 0x400d94b0  PS      : 0x00060c30  A0      : 0x800d964e  A1      : 0x3ffba960  
A2      : 0x00000000  A3      : 0x00000075  A4      : 0x3ffba9a0  A5      : 0x00000001  
A6      : 0x00000000  A7      : 0x3ffc645c  A8      : 0x800d949c  A9      : 0x3ffba920  
A10     : 0x00000000  A11     : 0xffffffff  A12     : 0x00000001  A13     : 0x3ffbe5fc  
A14     : 0x401706b8  A15     : 0x3ffbe2b8  SAR     : 0x00000020  EXCCAUSE: 0x0000001c  
EXCVADDR: 0x00000008  LBEG    : 0x4000c2e0  LEND    : 0x4000c2f6  LCOUNT  : 0x00000000  


Backtrace: 0x400d94ad:0x3ffba960 0x400d964b:0x3ffba980 0x400d912f:0x3ffba9a0 0x400d91eb:0x3ffba9d0 0x40170a9f:0x3ffbaae0 0x4008b13d:0x3ffbab10




ELF file SHA256: fabf448f4

Rebooting...
ets Jul 29 2019 12:21:46

rst:0xc (SW_CPU_RESET),boot:0x17 (SPI_FAST_FLASH_BOOT)
configsip: 0, SPIWP:0xee
clk_drv:0x00,q_drv:0x00,d_drv:0x00,cs0_drv:0x00,hd_drv:0x00,wp_drv:0x00
mode:DIO, clock div:2
load:0x3fff0030,len:7176
load:0x40078000,len:15564
ho 0 tail 12 room 4
load:0x40080400,len:4
load:0x40080404,len:3904
entry 0x40080640
[0;32mI (31) boot: ESP-IDF v5.3 2nd stage bootloader[0m
[0;32mI (31) boot: compile time Sep 18 2024 11:44:26[0m
[0;32mI (31) boot: Multicore bootloader[0m
[0;32mI (35) boot: chip revision: v3.1[0m
[0;32mI (39) boot.esp32: SPI Speed      : 40MHz[0m
[0;32mI (44) boot.esp32: SPI Mode       : DIO[0m
[0;32mI (48) boot.esp32: SPI Flash Size : 4MB[0m
[0;32mI (53) boot: Enabling RNG early entropy source...[0m
[0;32mI (58) boot: Partition Table:[0m
[0;32mI (62) boot: ## Label            Usage          Type ST Offset   Length[0m
[0;32mI (69) boot:  0 nvs              WiFi data        01 02 00009000 00006000[0m
[0;32mI (76) boot:  1 phy_init         RF data          01 01 0000f000 00001000[0m
[0;32mI (84) boot:  2 factory          factory app      00 00 00010000 00100000[0m
[0;32mI (91) boot: End of partition table[0m
[0;32mI (96) esp_image: segment 0: paddr=00010020 vaddr=3f400020 size=267d8h (157656) map[0m
[0;32mI (158) esp_image: segment 1: paddr=00036800 vaddr=3ffb0000 size=03f34h ( 16180) load[0m
[0;32mI (164) esp_image: segment 2: paddr=0003a73c vaddr=40080000 size=058dch ( 22748) load[0m
[0;32mI (173) esp_image: segment 3: paddr=00040020 vaddr=400d0020 size=a2b08h (666376) map[0m
[0;32mI (402) esp_image: segment 4: paddr=000e2b30 vaddr=400858dc size=12e3ch ( 77372) load[0m
[0;32mI (445) boot: Loaded app from partition at offset 0x10000[0m
[0;32mI (445) boot: Disabling RNG early entropy source...[0m
[0;32mI (457) cpu_start: Multicore app[0m
[0;32mI (465) cpu_start: Pro cpu start user code[0m
[0;32mI (465) cpu_start: cpu freq: 160000000 Hz[0m
[0;32mI (465) app_init: Application information:[0m
[0;32mI (468) app_init: Project name:     MQTT_DEV[0m
[0;32mI (473) app_init: App version:      1[0m
[0;32mI (477) app_init: Compile time:     Sep 18 2024 11:44:06[0m
[0;32mI (483) app_init: ELF file SHA256:  fabf448f4...[0m
[0;32mI (489) app_init: ESP-IDF:          v5.3[0m
[0;32mI (493) efuse_init: Min chip rev:     v0.0[0m
